[rcis.in/index.html]
[backblue.gif]
[fade.gif]
[index.html]
[rcis.in/wp-content/uploads/2023/11/homepage-right-003c.jpg]
[rcis.in/wp-content/themes/hello-elementor/theme.min1102.css]
[rcis.in/wp-content/uploads/elementor/css/custom-frontend-lite.minc38c.css]
[rcis.in/feed/index.html]
[rcis.in/wp-content/plugins/essential-addons-for-elementor-lite/assets/front-end/css/view/general.min29ad.css]
[rcis.in/wp-content/uploads/essential-addons-elementor/eael-4050f9f8.css]
[rcis.in/comments/feed/index.html]
[rcis.in/wp-includes/css/dist/block-library/style.min11c9.css]
[rcis.in/wp-content/plugins/contact-form-7/includes/css/styles38d6.css]
[rcis.in/wp-content/plugins/wpcf7-redirect/build/css/wpcf7-redirect-frontend.min4963.css]
[rcis.in/wp-content/plugins/cf7-multi-step/assets/frontend/css/cf7mls206d.css]
[rcis.in/wp-content/plugins/cf7-multi-step/assets/frontend/animate/animate.min206d.css]
[rcis.in/wp-content/themes/hello-elementor/style.min1102.css]
[rcis.in/wp-content/uploads/elementor/css/post-7c38c.css]
[rcis.in/wp-content/plugins/elementor/assets/lib/eicons/css/elementor-icons.min192d.css]
[rcis.in/wp-content/plugins/essential-addons-for-elementor-lite/assets/admin/images/templately/logo-icon.svg]
[rcis.in/wp-content/plugins/elementor/assets/lib/swiper/v8/css/swiper.min94a4.css]
[rcis.in/wp-content/uploads/elementor/css/custom-pro-frontend-lite.minc38c.css]
[rcis.in/wp-content/uploads/elementor/css/global821a.css]
[rcis.in/wp-content/uploads/elementor/css/post-95b36.css]
[rcis.in/wp-content/uploads/elementor/css/post-189c46.css]
[rcis.in/wp-content/uploads/elementor/css/post-1145ab.css]
[rcis.in/wp-content/uploads/elementor/css/post-4050be38.css]
[rcis.in/wp-content/themes/hello-theme-child-master/style8a54.css]
[rcis.in/wp-includes/js/jquery/jquery.min3088.js]
[rcis.in/wp-includes/js/jquery/jquery-migrate.min5589.js]
[rcis.in/wp-json/wp/v2/pages/9.json]
[rcis.in/wp-json/index.html]
[rcis.in/xmlrpc0db0.php]
[rcis.in/wp-json/oembed/1.0/embed140e.json]
[rcis.in/wp-json/oembed/1.0/embedff2d]
[rcis.in/wp-content/uploads/2023/09/RCIS-Logo-150x150.png]
[rcis.in/wp-content/uploads/2023/09/RCIS-Logo.png]
[rcis.in/wp-content/uploads/elementor/css/custom-widget-icon-box.min821a.css]
[rcis.in/wp-content/uploads/2023/09/RCIS-top-logo-001-2x.png]
[rcis.in/wp-content/uploads/elementor/css/custom-pro-widget-nav-menu.min821a.css]
[rcis.in/wp-content/uploads/elementor/css/custom-widget-icon-list.min68bb.css]
[rcis.in/wp-content/uploads/2023/09/Facilities-01.jpg]
[rcis.in/wp-content/uploads/2023/09/Admissions-01.jpg]
[rcis.in/contact-us/index.html]
[rcis.in/about/about-royale-concorde-international-school-group/index.html]
[rcis.in/wp-content/uploads/2023/09/Sports-Infrastructure-01.jpg]
[rcis.in/about/our-mission/index.html]
[rcis.in/about/philosophy/index.html]
[rcis.in/wp-content/uploads/2023/09/Click-to-View-School-Tour.jpg]
[rcis.in/wp-content/uploads/2023/09/Sneak-Peek-08.jpg]
[rcis.in/about/management/index.html]
[rcis.in/wp-content/uploads/2023/09/Sneak-Peek-01.jpg]
[rcis.in/about/why-royale-concorde-international-school/index.html]
[rcis.in/wp-content/uploads/2023/10/sneakpeak-004a.jpg]
[rcis.in/about/awards-accreditations/index.html]
[rcis.in/wp-content/uploads/2023/09/Sneak-Peek-02.jpg]
[rcis.in/about/testimonials/index.html]
[rcis.in/wp-content/uploads/2023/09/Sneak-Peek-05.jpg]
[rcis.in/academics/primary-level/index.html]
[rcis.in/wp-content/uploads/2023/09/Sneak-Peek-07.jpg]
[rcis.in/academics/pre-primary-level/index.html]
[rcis.in/wp-content/uploads/2023/09/Accreditations-01.png]
[rcis.in/academics/middle-and-secondary-level/index.html]
[rcis.in/wp-content/uploads/2023/10/british-council-002.jpg]
[rcis.in/wp-content/uploads/2023/10/CBSE-Logo.png]
[rcis.in/wp-content/uploads/elementor/css/custom-pro-widget-call-to-action.min1425.css]
[rcis.in/academics/senior-secondary-level/index.html]
[rcis.in/wp-content/uploads/2023/10/Explore-RCIS-001.jpg]
[rcis.in/wp-content/uploads/2023/10/Explore-RCIS-002.jpg]
[rcis.in/schools/royale-concorde-international-school-kalyan-nagar-cbse/index.html]
[rcis.in/wp-content/uploads/2023/10/Explore-RCIS-003.jpg]
[rcis.in/wp-content/uploads/2023/10/Explore-RCIS-004.jpg]
[rcis.in/schools/royale-concorde-pu-college-kalyan-nagar/index.html]
[rcis.in/schools/royale-concorde-international-school-chamrajpet-cbse/index.html]
[rcis.in/wp-login.html]
[rcis.in/schools/royale-concorde-pu-college-begur/index.html]
[rcis.in/wp-content/plugins/elementor/assets/lib/e-gallery/css/e-gallery.min7359.css]
[rcis.in/wp-content/uploads/essential-addons-elementor/eael-700f9f8.css]
[rcis.in/wp-content/uploads/elementor/css/post-7001425.css]
[rcis.in/wp-content/plugins/elementor/assets/lib/font-awesome/css/all.min29ad.css]
[rcis.in/wp-content/plugins/elementor/assets/lib/font-awesome/css/v4-shims.min29ad.css]
[rcis.in/admission/overview/index.html]
[rcis.in/wp-content/plugins/elementor/assets/lib/animations/animations.minafc7.css]
[rcis.in/wp-content/plugins/elementor/assets/lib/font-awesome/css/fontawesome.min52d5.css]
[rcis.in/wp-content/plugins/elementor/assets/lib/font-awesome/css/solid.min52d5.css]
[rcis.in/wp-content/plugins/essential-addons-for-elementor-lite/assets/front-end/js/view/general.min29ad.js]
[rcis.in/admission/admission-process/index.html]
[rcis.in/apply-online/index.html]
[rcis.in/wp-content/plugins/contact-form-7/includes/swv/js/index38d6.js]
[rcis.in/wp-content/plugins/contact-form-7/includes/js/index38d6.js]
[rcis.in/wp-content/plugins/wpcf7-redirect/build/js/wpcf7r-fe4963.js]
[rcis.in/wp-content/plugins/cf7-multi-step/assets/frontend/js/cf7mls206d.js]
[rcis.in/wp-content/themes/hello-elementor/assets/js/hello-frontend.min8a54.js]
[rcis.in/admission/faqs/index.html]
[rcis.in/wp-content/plugins/elementor-pro/assets/lib/smartmenus/jquery.smartmenus.minf269.js]
[rcis.in/wp-includes/js/imagesloaded.mineda1.js]
[rcis.in/wp-content/plugins/elementor/assets/lib/e-gallery/js/e-gallery.min7359.js]
[rcis.in/wp-content/uploads/essential-addons-elementor/eael-700f9f8.js]
[rcis.in/campus-life/co-curricular-activities/index.html]
[rcis.in/wp-content/plugins/elementor-pro/assets/js/webpack-pro.runtime.min6b60.js]
[rcis.in/wp-content/plugins/elementor/assets/js/webpack.runtime.minafc7.js]
[rcis.in/wp-content/plugins/elementor/assets/js/frontend-modules.minafc7.js]
[rcis.in/wp-includes/js/dist/vendor/wp-polyfill-inert.min0226.js]
[rcis.in/wp-includes/js/dist/vendor/regenerator-runtime.min8fa4.js]
[rcis.in/campus-life/extra-curricular-activities/index.html]
[rcis.in/wp-includes/js/dist/vendor/wp-polyfill.min2c7c.js]
[rcis.in/wp-includes/js/dist/hooks.min2ebd.js]
[rcis.in/wp-includes/js/dist/i18n.minf92f.js]
[rcis.in/wp-content/plugins/elementor-pro/assets/js/frontend.min6b60.js]
[rcis.in/wp-content/plugins/elementor/assets/lib/waypoints/waypoints.min05da.js]
[rcis.in/campus-life/clubs-societies-and-tie-ups/index.html]
[rcis.in/wp-includes/js/jquery/ui/core.min3f14.js]
[rcis.in/wp-content/plugins/elementor/assets/js/frontend.minafc7.js]
[rcis.in/wp-content/plugins/elementor-pro/assets/js/elements-handlers.min6b60.js]
[rcis.in/index.html]
[rcis.in/wp-content/plugins/elementor-pro/assets/lib/sticky/jquery.sticky.min6b60.js]
[rcis.in/wp-content/themes/hello-elementor/theme.min1102.css]
[rcis.in/wp-content/uploads/elementor/css/custom-frontend-lite.minc38c.css]
[rcis.in/campus-life/gallery/index.html]
[rcis.in/news-events/index.html]
[rcis.in/wp-content/plugins/essential-addons-for-elementor-lite/assets/front-end/css/view/general.min29ad.css]
[rcis.in/blogs/index.html]
[rcis.in/careers/index.html]
[rcis.in/wp-content/uploads/essential-addons-elementor/eael-4050f9f8.css]
[rcis.in/wp-includes/css/dist/block-library/style.min11c9.css]
[rcis.in/wp-content/plugins/contact-form-7/includes/css/styles38d6.css]
[rcis.in/wp-content/plugins/wpcf7-redirect/build/css/wpcf7-redirect-frontend.min4963.css]
[rcis.in/wp-content/plugins/cf7-multi-step/assets/frontend/css/cf7mls206d.css]
[rcis.in/wp-content/plugins/cf7-multi-step/assets/frontend/animate/animate.min206d.css]
[rcis.in/wp-content/themes/hello-elementor/style.min1102.css]
[rcis.in/facilities/index.html]
[rcis.in/wp-content/uploads/2023/09/AzoSans-Black.woff2]
[rcis.in/wp-content/uploads/2023/09/AzoSans-Black.woff]
[rcis.in/wp-content/uploads/2023/09/AzoSans-Black.ttf]
[rcis.in/wp-content/uploads/2023/09/AzoSans-BlackItalic.woff2]
[rcis.in/wp-content/uploads/2023/09/AzoSans-BlackItalic.woff]
[rcis.in/wp-content/uploads/2023/09/AzoSans-BlackItalic.ttf]
[rcis.in/wp-content/uploads/2023/09/AzoSans-Bold.woff2]
[rcis.in/wp-content/uploads/2023/09/AzoSans-Bold.woff]
[rcis.in/wp-content/uploads/2023/09/AzoSans-Bold.ttf]
[rcis.in/wp-content/uploads/2023/09/AzoSans-BoldItalic.woff2]
[rcis.in/wp-content/uploads/2023/09/AzoSans-BoldItalic.woff]
[rcis.in/wp-content/uploads/2023/09/AzoSans-BoldItalic.ttf]
[rcis.in/wp-content/uploads/2023/09/AzoSans-Italic.woff2]
[rcis.in/wp-content/uploads/2023/09/AzoSans-Italic.woff]
[rcis.in/wp-content/uploads/2023/09/AzoSans-Italic.ttf]
[rcis.in/wp-content/uploads/2023/09/AzoSans-Light.woff2]
[rcis.in/wp-content/uploads/2023/09/AzoSans-Light.woff]
[rcis.in/wp-content/uploads/2023/09/AzoSans-Light.ttf]
[rcis.in/wp-content/uploads/2023/09/AzoSans-LightItalic.ttf]
[rcis.in/wp-content/uploads/2023/09/AzoSans-Medium.woff]
[rcis.in/wp-content/uploads/2023/09/AzoSans-Medium.ttf]
[rcis.in/wp-content/uploads/2023/09/AzoSans-Regular.woff2]
[rcis.in/wp-content/uploads/2023/09/AzoSans-Regular.woff]
[rcis.in/wp-content/uploads/2023/09/AzoSans-Regular.ttf]
[rcis.in/wp-content/uploads/2023/09/AzoSans-Thin.woff]
[rcis.in/wp-content/uploads/2023/09/AzoSans-ThinItalic.woff]
[rcis.in/wp-content/uploads/elementor/css/post-7c38c.css]
[rcis.in/wp-content/plugins/elementor/assets/lib/eicons/fonts/eicons9506.eot]
[rcis.in/wp-content/plugins/elementor/assets/lib/eicons/fonts/eicons9506.woff2]
[rcis.in/wp-content/plugins/elementor/assets/lib/eicons/fonts/eicons9506.woff]
[rcis.in/wp-content/plugins/elementor/assets/lib/eicons/fonts/eicons9506.ttf]
[rcis.in/wp-content/plugins/elementor/assets/lib/eicons/css/elementor-icons.min192d.css]
[rcis.in/wp-content/plugins/essential-addons-for-elementor-lite/assets/admin/images/templately/logo-icon.svg]
[rcis.in/wp-content/plugins/elementor/assets/lib/swiper/v8/css/swiper.min94a4.css]
[rcis.in/wp-content/uploads/elementor/css/custom-pro-frontend-lite.minc38c.css]
[rcis.in/wp-content/uploads/elementor/css/global821a.css]
[rcis.in/wp-content/plugins/elementor/assets/lib/eicons/fonts/eicons9506.svg]
[rcis.in/wp-content/uploads/2023/12/banner-005-robotics-1920x1080-New-Face.jpg]
[rcis.in/wp-content/uploads/elementor/css/post-95b36.css]
[rcis.in/wp-content/uploads/2023/10/Ellipse-left-red.png]
[rcis.in/wp-content/uploads/2023/10/Ellipse-Red.png]
[rcis.in/wp-content/uploads/elementor/css/post-189c46.css]
[rcis.in/wp-content/uploads/2023/09/Footer-BG.webp]
[rcis.in/wp-content/uploads/elementor/css/post-1145ab.css]
[rcis.in/wp-content/uploads/elementor/css/post-4050be38.css]
[rcis.in/wp-content/themes/hello-theme-child-master/style8a54.css]
[rcis.in/wp-includes/js/jquery/jquery.min3088.js]
[rcis.in/wp-includes/js/jquery/jquery-migrate.min5589.js]
[www.googletagmanager.com/gtm5445.html]
[rcis.in/wp-content/uploads/elementor/css/custom-widget-icon-box.min821a.css]
[rcis.in/wp-content/uploads/essential-addons-elementor/eael-1657c0bf.css]
[rcis.in/wp-content/uploads/elementor/css/post-1657f43e.css]
[rcis.in/wp-json/wp/v2/pages/1657.json]
[rcis.in/wp-json/oembed/1.0/embeda559.json]
[rcis.in/wp-json/oembed/1.0/embed7f42]
[rcis.in/wp-content/plugins/elementor-pro/assets/css/widget-theme-elements.min.css]
[rcis.in/wp-content/uploads/essential-addons-elementor/eael-700c0bf.css]
[rcis.in/wp-content/uploads/essential-addons-elementor/eael-700c0bf.js]
[rcis.in/contact-us/index.html]
[rcis.in/wp-content/uploads/elementor/css/custom-pro-widget-nav-menu.min821a.css]
[rcis.in/wp-content/uploads/2023/10/about-rcis-001.jpg]
[rcis.in/wp-content/uploads/elementor/css/post-905c9a2.css]
[rcis.in/wp-json/wp/v2/pages/905.json]
[rcis.in/wp-json/oembed/1.0/embed84ff.json]
[rcis.in/wp-json/oembed/1.0/embedd741]
[rcis.in/wp-content/uploads/essential-addons-elementor/eael-700b529.css]
[rcis.in/wp-content/uploads/essential-addons-elementor/eael-700b529.js]
[rcis.in/about/about-royale-concorde-international-school-group/index.html]
[rcis.in/wp-content/uploads/2023/10/philosophy-rcis-001.jpg]
[rcis.in/wp-content/uploads/elementor/css/post-9897b1b.css]
[rcis.in/wp-json/wp/v2/pages/989.json]
[rcis.in/wp-json/oembed/1.0/embeddba8.json]
[rcis.in/wp-json/oembed/1.0/embedc5e1]
[rcis.in/wp-content/uploads/essential-addons-elementor/eael-700be24.css]
[rcis.in/about/philosophy/index.html]
[rcis.in/wp-content/uploads/essential-addons-elementor/eael-700be24.js]
[rcis.in/wp-content/uploads/2023/10/mission-statement-rcis-002.jpg]
[rcis.in/wp-content/uploads/elementor/css/post-10028684.css]
[rcis.in/wp-json/wp/v2/pages/1002.json]
[rcis.in/wp-json/oembed/1.0/embed1a84.json]
[rcis.in/wp-json/oembed/1.0/embeda4f1]
[rcis.in/wp-content/uploads/essential-addons-elementor/eael-700a088.css]
[rcis.in/about/our-mission/index.html]
[rcis.in/wp-content/uploads/essential-addons-elementor/eael-700a088.js]
[rcis.in/wp-content/uploads/2023/09/shivarame_gowda.jpg]
[rcis.in/wp-content/uploads/essential-addons-elementor/eael-1015d1af.css]
[rcis.in/wp-content/uploads/elementor/css/post-10157497.css]
[rcis.in/wp-json/wp/v2/pages/1015.json]
[rcis.in/wp-json/oembed/1.0/embedf747.json]
[rcis.in/wp-json/oembed/1.0/embed1ac2]
[rcis.in/wp-content/uploads/2023/09/sudha_gowda.jpg]
[rcis.in/wp-content/uploads/2023/09/chethangowda.jpg]
[rcis.in/wp-content/uploads/2023/09/bhavyagowda.jpg]
[rcis.in/wp-content/uploads/2023/10/Shruti-Gowda-002.jpg]
[rcis.in/wp-content/uploads/2023/10/Ebenezer-001.jpg]
[rcis.in/wp-content/uploads/essential-addons-elementor/eael-700d1af.css]
[rcis.in/about/management/index.html]
[rcis.in/wp-content/uploads/essential-addons-elementor/eael-700d1af.js]
[rcis.in/wp-content/uploads/elementor/css/post-11229cef.css]
[rcis.in/wp-json/wp/v2/pages/1122.json]
[rcis.in/wp-json/oembed/1.0/embedbc8e.json]
[rcis.in/wp-json/oembed/1.0/embed354a]
[rcis.in/wp-content/uploads/essential-addons-elementor/eael-7009b62.css]
[rcis.in/about/why-royale-concorde-international-school/index.html]
[rcis.in/wp-content/uploads/essential-addons-elementor/eael-7009b62.js]
[rcis.in/wp-content/uploads/elementor/css/post-11460df8.css]
[rcis.in/wp-json/wp/v2/pages/1146.json]
[rcis.in/wp-json/oembed/1.0/embed6fab.json]
[rcis.in/wp-json/oembed/1.0/embed515a]
[rcis.in/wp-content/uploads/2023/09/isrd-board-london.png]
[rcis.in/wp-content/uploads/2023/09/fortius-world-school-governors-award.jpg]
[rcis.in/wp-content/uploads/2023/09/world-school-council.png]
[rcis.in/wp-content/uploads/essential-addons-elementor/eael-700b7e4.css]
[rcis.in/about/awards-accreditations/index.html]
[rcis.in/wp-content/uploads/essential-addons-elementor/eael-700b7e4.js]
[rcis.in/wp-content/uploads/elementor/css/post-11599ee5.css]
[rcis.in/wp-json/wp/v2/pages/1159.json]
[rcis.in/wp-json/oembed/1.0/embed8a59.json]
[rcis.in/wp-json/oembed/1.0/embed20fc]
[rcis.in/wp-content/uploads/2024/01/DEVNA.mp4]
[rcis.in/wp-content/uploads/essential-addons-elementor/eael-7006531.css]
[rcis.in/about/testimonials/index.html]
[rcis.in/wp-content/uploads/essential-addons-elementor/eael-7006531.js]
[rcis.in/wp-content/uploads/2023/10/preprimary-001.jpg]
[rcis.in/wp-content/uploads/elementor/css/post-1187bae6.css]
[rcis.in/wp-json/wp/v2/pages/1187.json]
[rcis.in/wp-json/oembed/1.0/embed0fa6.json]
[rcis.in/wp-json/oembed/1.0/embed8ae4]
[rcis.in/wp-content/uploads/essential-addons-elementor/eael-7009e8c.css]
[rcis.in/academics/pre-primary-level/index.html]
[rcis.in/wp-content/uploads/essential-addons-elementor/eael-7009e8c.js]
[rcis.in/wp-content/uploads/2023/10/primary-level-001.jpg]
[rcis.in/wp-content/uploads/elementor/css/post-1209b3bf.css]
[rcis.in/wp-json/wp/v2/pages/1209.json]
[rcis.in/wp-json/oembed/1.0/embed77b3.json]
[rcis.in/wp-json/oembed/1.0/embedee48]
[rcis.in/wp-content/uploads/essential-addons-elementor/eael-7002746.css]
[rcis.in/academics/primary-level/index.html]
[rcis.in/wp-content/uploads/essential-addons-elementor/eael-7002746.js]
[rcis.in/wp-content/uploads/2023/10/middle-school-001.jpg]
[rcis.in/wp-content/uploads/elementor/css/post-12153108.css]
[rcis.in/wp-json/wp/v2/pages/1215.json]
[rcis.in/wp-json/oembed/1.0/embed1115.json]
[rcis.in/wp-json/oembed/1.0/embed961c]
[rcis.in/wp-content/uploads/2023/10/middle-school-002.jpg]
[rcis.in/wp-content/uploads/essential-addons-elementor/eael-700af3a.css]
[rcis.in/academics/middle-and-secondary-level/index.html]
[rcis.in/wp-content/uploads/essential-addons-elementor/eael-700af3a.js]
[rcis.in/wp-content/uploads/2023/10/Senior-Secondary-001.jpg]
[rcis.in/wp-content/uploads/elementor/css/post-12434c48.css]
[rcis.in/wp-json/wp/v2/pages/1243.json]
[rcis.in/wp-json/oembed/1.0/embedce34.json]
[rcis.in/wp-json/oembed/1.0/embed441f]
[rcis.in/wp-content/uploads/essential-addons-elementor/eael-700d78c.css]
[rcis.in/academics/senior-secondary-level/index.html]
[rcis.in/wp-content/uploads/essential-addons-elementor/eael-700d78c.js]
[rcis.in/wp-content/uploads/2024/02/BITS.jpg]
[rcis.in/wp-content/uploads/elementor/css/post-174114f6.css]
[rcis.in/wp-json/wp/v2/pages/1741.json]
[rcis.in/wp-json/oembed/1.0/embedc766.json]
[rcis.in/wp-json/oembed/1.0/embedfc59]
[rcis.in/wp-content/uploads/2024/06/Year-Planner-for-Parents-2024-25-Updated-1.pdf]
[rcis.in/wp-content/uploads/2024/01/shruti.jpg]
[rcis.in/wp-content/uploads/2023/10/Pinkey-Singh-photo-002.jpg]
[rcis.in/wp-content/uploads/2023/10/Pre-Primary-kalyannagar-rcis-001.jpg]
[rcis.in/wp-content/uploads/2023/10/Primary-kalyannagar-rcis-001.jpg]
[rcis.in/wp-content/uploads/2023/11/middle-kalyannagar-rcis-001b.jpg]
[rcis.in/wp-content/uploads/2023/10/middle-kalyannagar-rcis-002.jpg]
[rcis.in/wp-content/uploads/2023/11/sr-secondary-kalyannagar-rcis-002.jpg]
[rcis.in/wp-content/uploads/2023/11/classroom-kalyannagar-cbse-002-new.jpg]
[rcis.in/wp-content/uploads/2023/11/computer-lab-kalyannagar-cbse-001-new.jpg]
[rcis.in/wp-content/uploads/2023/10/Library.jpg]
[rcis.in/apply-admission/index.html]
[rcis.in/wp-content/uploads/2023/11/physics-lab-kalyannagar-cbse-001-new.jpg]
[rcis.in/wp-content/uploads/2023/10/Dance-Room.jpg]
[rcis.in/wp-content/uploads/2023/11/art-and-creativity-kalyannagar-cbse-001-new.jpg]
[rcis.in/wp-content/uploads/2023/10/Playarea.jpg]
[rcis.in/wp-content/uploads/2023/10/Activity-Area.jpg]
[rcis.in/wp-content/uploads/2023/10/Yoga-Room-scaled.jpg]
[rcis.in/wp-content/uploads/2023/10/security-kalyannagar-cbse-001.jpg]
[rcis.in/wp-content/uploads/2023/11/transportation-kalyannagar-cbse-003-new.jpg]
[rcis.in/wp-content/uploads/2023/10/Auditorium.jpg]
[rcis.in/wp-content/uploads/2023/10/Sickbay.jpg]
[rcis.in/wp-content/uploads/2023/11/sports-kalyannagar-cbse-002-new.jpg]
[rcis.in/wp-content/uploads/2023/10/clubs-kalyannagar-cbse-001.jpg]
[rcis.in/wp-content/uploads/2023/10/Physical-education-kalyannagar-cbse-001.jpg]
[rcis.in/wp-content/uploads/2023/10/swimming-kalyannagar-cbse-001.jpg]
[rcis.in/wp-content/uploads/2023/11/cafeteria-kalyannagar-cbse-002-new.jpg]
[rcis.in/wp-content/uploads/2024/05/1p.webp]
[rcis.in/wp-content/uploads/2024/05/125.png]
[rcis.in/wp-content/uploads/2023/10/Results_Class_XII_School_Results_2022-23.pdf]
[rcis.in/wp-content/uploads/2024/05/125-1024x575.png]
[rcis.in/wp-content/uploads/2023/10/Results_Class_X_School_Results_2022-23.pdf]
[rcis.in/wp-content/uploads/2023/10/Results-Class-X-School-Results-2022-23-1-1-706x1024.jpg]
[rcis.in/wp-content/uploads/2023/10/Astra-2023-24-new-011.jpg]
[rcis.in/wp-content/uploads/2023/10/Astra-2023-24-new-013.jpg]
[rcis.in/wp-content/uploads/2023/10/Astra-2023-24-new-012.jpg]
[rcis.in/wp-content/uploads/2023/10/Astra-2023-24-new-010.jpg]
[rcis.in/wp-content/uploads/2023/10/Astra-2023-24-new-009.jpg]
[rcis.in/wp-content/uploads/2023/10/Astra-2023-24-new-008.jpg]
[rcis.in/wp-content/uploads/2023/10/Astra-2023-24-new-007.jpg]
[rcis.in/wp-content/uploads/2023/10/Astra-2023-24-new-006.jpg]
[rcis.in/wp-content/uploads/2023/10/Astra-2023-24-new-005.jpg]
[rcis.in/wp-content/uploads/2023/10/Astra-2023-24-new-004.jpg]
[rcis.in/wp-content/uploads/2023/10/Astra-2023-24-new-003.jpg]
[rcis.in/wp-content/uploads/2023/10/Astra-2023-24-new-002.jpg]
[rcis.in/wp-content/uploads/2023/10/Astra-2023-24-new-015.jpg]
[rcis.in/wp-content/uploads/2023/10/Astra-2023-24-new-014.jpg]
[rcis.in/wp-content/uploads/2023/10/Day-Out-2023-24-new-002.jpg]
[rcis.in/wp-content/uploads/2023/10/Day-Out-2023-24-new-001.jpg]
[rcis.in/wp-content/uploads/2023/10/Disney-Land-2023-24-new-002.jpg]
[rcis.in/wp-content/uploads/2023/10/Disney-Land-2023-24-new-001.jpg]
[rcis.in/wp-content/uploads/2023/10/Ganesh-Chauthri-2023-24-new-001.jpg]
[rcis.in/wp-content/uploads/2023/10/Independence-Day-2023-24-new-011.jpg]
[rcis.in/wp-content/uploads/2023/10/Independence-Day-2023-24-new-010.jpg]
[rcis.in/wp-content/uploads/2023/10/Independence-Day-2023-24-new-009.jpg]
[rcis.in/wp-content/uploads/2023/10/Independence-Day-2023-24-new-008.jpg]
[rcis.in/wp-content/uploads/2023/10/Independence-Day-2023-24-new-007.jpg]
[rcis.in/wp-content/uploads/2023/10/Independence-Day-2023-24-new-006.jpg]
[rcis.in/wp-content/uploads/2023/10/Independence-Day-2023-24-new-005.jpg]
[rcis.in/wp-content/uploads/2023/10/Independence-Day-2023-24-new-004.jpg]
[rcis.in/wp-content/uploads/2023/10/Independence-Day-2023-24-new-003.jpg]
[rcis.in/wp-content/uploads/2023/10/Independence-Day-2023-24-new-002.jpg]
[rcis.in/wp-content/uploads/2023/10/Independence-Day-2023-24-new-001.jpg]
[rcis.in/wp-content/uploads/2023/10/Independence-Day-2023-24-new-013.jpg]
[rcis.in/wp-content/uploads/2023/10/Independence-Day-2023-24-new-012.jpg]
[rcis.in/wp-content/uploads/2023/10/Reading-Mahaotsva-2023-24-new-002.jpg]
[rcis.in/wp-content/uploads/2023/10/Reading-Mahaotsva-2023-24-new-001.jpg]
[rcis.in/wp-content/uploads/2023/10/Sports-Day-2023-24-new-004.jpg]
[rcis.in/wp-content/uploads/2023/10/Sports-Day-2023-24-new-009.jpg]
[rcis.in/wp-content/uploads/2023/10/Sports-Day-2023-24-new-008.jpg]
[rcis.in/wp-content/uploads/2023/10/Sports-Day-2023-24-new-007.jpg]
[rcis.in/wp-content/uploads/2023/10/Sports-Day-2023-24-new-006.jpg]
[rcis.in/wp-content/uploads/2023/10/Sports-Day-2023-24-new-005.jpg]
[rcis.in/wp-content/uploads/2023/10/Sports-Day-2023-24-new-003.jpg]
[rcis.in/wp-content/uploads/2023/10/Sports-Day-2023-24-new-002.jpg]
[rcis.in/wp-content/uploads/2023/10/Sports-Day-2023-24-new-001.jpg]
[rcis.in/wp-content/uploads/2023/10/Star-Month-2023-24-new-001.jpg]
[rcis.in/wp-content/uploads/2023/10/World-Environment-Day-2023-24-new-001.jpg]
[rcis.in/wp-content/uploads/2023/10/Yoga-2023-24-new-018.jpg]
[rcis.in/wp-content/uploads/2023/10/Yoga-2023-24-new-017.jpg]
[rcis.in/wp-content/uploads/2023/10/Yoga-2023-24-new-016.jpg]
[rcis.in/wp-content/uploads/2023/10/Yoga-2023-24-new-015.jpg]
[rcis.in/wp-content/uploads/2023/10/Yoga-2023-24-new-014.jpg]
[rcis.in/wp-content/uploads/2023/10/Yoga-2023-24-new-013.jpg]
[rcis.in/wp-content/uploads/2023/10/Yoga-2023-24-new-012.jpg]
[rcis.in/wp-content/uploads/2023/10/Yoga-2023-24-new-011.jpg]
[rcis.in/wp-content/uploads/2023/10/Yoga-2023-24-new-010.jpg]
[rcis.in/wp-content/uploads/2023/10/Yoga-2023-24-new-009.jpg]
[rcis.in/wp-content/uploads/2023/10/Yoga-2023-24-new-008.jpg]
[rcis.in/wp-content/uploads/2023/10/Yoga-2023-24-new-007.jpg]
[rcis.in/wp-content/uploads/2023/10/Yoga-2023-24-new-006.jpg]
[rcis.in/wp-content/uploads/2023/10/Yoga-2023-24-new-005.jpg]
[rcis.in/wp-content/uploads/2023/10/Yoga-2023-24-new-004.jpg]
[rcis.in/wp-content/uploads/2023/10/Yoga-2023-24-new-003.jpg]
[rcis.in/wp-content/uploads/2023/10/Yoga-2023-24-new-002.jpg]
[rcis.in/wp-content/uploads/2023/10/Yoga-2023-24-new-001.jpg]
[rcis.in/wp-content/uploads/2023/10/Yoga-2023-24-new-021.jpg]
[rcis.in/wp-content/uploads/2023/10/Yoga-2023-24-new-020.jpg]
[rcis.in/wp-content/uploads/2023/10/Yoga-2023-24-new-019.jpg]
[rcis.in/wp-content/uploads/2023/10/Cornucopia-KN-cbse-008.jpg]
[rcis.in/wp-content/uploads/2023/10/Cornucopia-KN-cbse-005.jpg]
[rcis.in/wp-content/uploads/2023/10/Cornucopia-KN-cbse-007.jpg]
[rcis.in/wp-content/uploads/2023/10/Cornucopia-KN-cbse-006.jpg]
[rcis.in/wp-content/uploads/2023/10/Cornucopia-KN-cbse-004.jpg]
[rcis.in/wp-content/uploads/2023/10/Cornucopia-KN-cbse-003.jpg]
[rcis.in/wp-content/uploads/2023/10/Cornucopia-KN-cbse-002.jpg]
[rcis.in/wp-content/uploads/2023/10/Cornucopia-KN-cbse-001.jpg]
[rcis.in/wp-content/uploads/2023/10/Farewell-2022-23-new-003.jpg]
[rcis.in/wp-content/uploads/2023/10/Farewell-2022-23-new-002.jpg]
[rcis.in/wp-content/uploads/2023/10/Farewell-2022-23-new-001.jpg]
[rcis.in/wp-content/uploads/2023/10/Independence-Day-new-005.jpg]
[rcis.in/wp-content/uploads/2023/10/Independence-Day-new-004.jpg]
[rcis.in/wp-content/uploads/2023/10/Independence-Day-new-003.jpg]
[rcis.in/wp-content/uploads/2023/10/Independence-Day-new-002.jpg]
[rcis.in/wp-content/uploads/2023/10/Independence-Day-new-001.jpg]
[rcis.in/wp-content/uploads/2023/10/Investiture-2022-23-new-001.jpg]
[rcis.in/wp-content/uploads/2023/10/Investiture-2022-23-new-003.jpg]
[rcis.in/wp-content/uploads/2023/10/Investiture-2022-23-new-004.jpg]
[rcis.in/wp-content/uploads/2023/10/Investiture-2022-23-new-002.jpg]
[rcis.in/wp-content/uploads/2023/10/Picnic-2022-23-new-001.jpg]
[rcis.in/wp-content/uploads/2023/10/Picnic-2022-23-new-002.jpg]
[rcis.in/wp-content/uploads/2023/10/Teachers-Day-2022-23-new-002.jpg]
[rcis.in/wp-content/uploads/2023/10/Teachers-Day-2022-23-new-001.jpg]
[rcis.in/wp-content/uploads/2023/10/Teachers-Day-2022-23-new-005.jpg]
[rcis.in/wp-content/uploads/2023/10/Teachers-Day-2022-23-new-004.jpg]
[rcis.in/wp-content/uploads/2023/10/Teachers-Day-2022-23-new-003.jpg]
[rcis.in/wp-content/uploads/2023/10/Trekking-2022-23-new-003.jpg]
[rcis.in/wp-content/uploads/2023/10/Trekking-2022-23-new-002.jpg]
[rcis.in/wp-content/uploads/2023/10/Trekking-2022-23-new-001.jpg]
[rcis.in/wp-content/uploads/2023/10/Yoga-2022-23-new-002.jpg]
[rcis.in/wp-content/uploads/2023/10/Yoga-2022-23-new-001.jpg]
[rcis.in/wp-content/plugins/elementor/assets/lib/font-awesome/css/brands.min52d5.css]
[rcis.in/wp-content/uploads/essential-addons-elementor/eael-7003a9c.css]
[rcis.in/schools/royale-concorde-international-school-kalyan-nagar-cbse/index.html]
[rcis.in/wp-content/uploads/essential-addons-elementor/eael-7003a9c.js]
[rcis.in/wp-content/uploads/2023/10/about-chamrajpet-cbse-rcis-new-002.jpg]
[rcis.in/wp-content/uploads/essential-addons-elementor/eael-4497a8a8.css]
[rcis.in/wp-content/uploads/elementor/css/post-45019451.css]
[rcis.in/wp-content/uploads/elementor/css/post-4517a7bd.css]
[rcis.in/wp-content/uploads/elementor/css/post-44974280.css]
[rcis.in/wp-json/wp/v2/pages/4501.json]
[rcis.in/wp-json/oembed/1.0/embeddc4f.json]
[rcis.in/wp-json/oembed/1.0/embed32ec]
[rcis.in/wp-content/uploads/2024/05/pramita.jpg]
[rcis.in/wp-content/uploads/2024/05/deepa.jpg]
[rcis.in/wp-content/uploads/2023/10/Pre-Primary-chamrajpet-rcis-cbse-001.jpg]
[rcis.in/wp-content/uploads/2023/10/Primary-chamrajpet-rcis-cbse-001.jpg]
[rcis.in/wp-content/uploads/2023/10/middle-chamrajpet-rcis-cbse-001.jpg]
[rcis.in/wp-content/uploads/2023/10/middle-chamrajpet-rcis-cbse-002.jpg]
[rcis.in/wp-content/uploads/2023/10/sr-secondary-chamrajpet-rcis-cbse-001.jpg]
[rcis.in/wp-content/uploads/2023/10/classroom.jpg]
[rcis.in/wp-content/uploads/2023/10/Computer-Lab-scaled.jpg]
[rcis.in/wp-content/uploads/2023/10/Art-Craft-scaled.jpg]
[rcis.in/wp-content/uploads/2023/10/playarea-kalyana-nagar-icse.jpg]
[rcis.in/wp-content/uploads/2023/10/activity-kalyana-nagar-icse.jpg]
[rcis.in/wp-content/uploads/2023/10/Yoga-Room-1.jpg]
[rcis.in/wp-content/uploads/2023/10/Transportation.jpg]
[rcis.in/wp-content/uploads/2023/10/sickbay-kalyana-nagar-icse.jpg]
[rcis.in/wp-content/uploads/2023/10/sports-games-kalyannagar-cbse-001.jpg]
[rcis.in/wp-content/uploads/2023/10/indday-CP-new-015.jpg]
[rcis.in/wp-content/uploads/2023/10/indday-CP-new-007.jpg]
[rcis.in/wp-content/uploads/2023/10/indday-CP-new-006.jpg]
[rcis.in/wp-content/uploads/2023/10/indday-CP-new-005.jpg]
[rcis.in/wp-content/uploads/2023/10/indday-CP-new-004.jpg]
[rcis.in/wp-content/uploads/2023/10/indday-CP-new-003.jpg]
[rcis.in/wp-content/uploads/2023/10/indday-CP-new-002.jpg]
[rcis.in/wp-content/uploads/2023/10/indday-CP-new-001.jpg]
[rcis.in/wp-content/uploads/2023/10/indday-CP-new-025.jpg]
[rcis.in/wp-content/uploads/2023/10/indday-CP-new-024.jpg]
[rcis.in/wp-content/uploads/2023/10/indday-CP-new-023.jpg]
[rcis.in/wp-content/uploads/2023/10/indday-CP-new-022.jpg]
[rcis.in/wp-content/uploads/2023/10/indday-CP-new-021.jpg]
[rcis.in/wp-content/uploads/2023/10/indday-CP-new-020.jpg]
[rcis.in/wp-content/uploads/2023/10/indday-CP-new-019.jpg]
[rcis.in/wp-content/uploads/2023/10/indday-CP-new-018.jpg]
[rcis.in/wp-content/uploads/2023/10/indday-CP-new-017.jpg]
[rcis.in/wp-content/uploads/2023/10/indday-CP-new-016.jpg]
[rcis.in/wp-content/uploads/2023/10/indday-CP-new-014.jpg]
[rcis.in/wp-content/uploads/2023/10/indday-CP-new-013.jpg]
[rcis.in/wp-content/uploads/2023/10/indday-CP-new-012.jpg]
[rcis.in/wp-content/uploads/2023/10/indday-CP-new-011.jpg]
[rcis.in/wp-content/uploads/2023/10/indday-CP-new-010.jpg]
[rcis.in/wp-content/uploads/2023/10/indday-CP-new-009.jpg]
[rcis.in/wp-content/uploads/2023/10/indday-CP-new-008.jpg]
[rcis.in/wp-content/uploads/2023/10/Investiture-Ceremony-2023-24-CP-new-001.jpg]
[rcis.in/wp-content/uploads/2023/10/Investiture-Ceremony-2023-24-CP-new-016.jpg]
[rcis.in/wp-content/uploads/2023/10/Investiture-Ceremony-2023-24-CP-new-015.jpg]
[rcis.in/wp-content/uploads/2023/10/Investiture-Ceremony-2023-24-CP-new-014.jpg]
[rcis.in/wp-content/uploads/2023/10/Investiture-Ceremony-2023-24-CP-new-013.jpg]
[rcis.in/wp-content/uploads/2023/10/Investiture-Ceremony-2023-24-CP-new-012.jpg]
[rcis.in/wp-content/uploads/2023/10/Investiture-Ceremony-2023-24-CP-new-011.jpg]
[rcis.in/wp-content/uploads/2023/10/Investiture-Ceremony-2023-24-CP-new-010.jpg]
[rcis.in/wp-content/uploads/2023/10/Investiture-Ceremony-2023-24-CP-new-009.jpg]
[rcis.in/wp-content/uploads/2023/10/Investiture-Ceremony-2023-24-CP-new-008.jpg]
[rcis.in/wp-content/uploads/2023/10/Investiture-Ceremony-2023-24-CP-new-007.jpg]
[rcis.in/wp-content/uploads/2023/10/Investiture-Ceremony-2023-24-CP-new-006.jpg]
[rcis.in/wp-content/uploads/2023/10/Investiture-Ceremony-2023-24-CP-new-005.jpg]
[rcis.in/wp-content/uploads/2023/10/Investiture-Ceremony-2023-24-CP-new-004.jpg]
[rcis.in/wp-content/uploads/2023/10/Investiture-Ceremony-2023-24-CP-new-003.jpg]
[rcis.in/wp-content/uploads/2023/10/Investiture-Ceremony-2023-24-CP-new-002.jpg]
[rcis.in/wp-content/uploads/2023/10/Investiture-Ceremony-2023-24-CP-new-019.jpg]
[rcis.in/wp-content/uploads/2023/10/Investiture-Ceremony-2023-24-CP-new-018.jpg]
[rcis.in/wp-content/uploads/2023/10/Investiture-Ceremony-2023-24-CP-new-017.jpg]
[rcis.in/wp-content/uploads/2023/10/Teachers-Day-2023-24-CP-new-031.jpg]
[rcis.in/wp-content/uploads/2023/10/Teachers-Day-2023-24-CP-new-032.jpg]
[rcis.in/wp-content/uploads/2023/10/Teachers-Day-2023-24-CP-new-029.jpg]
[rcis.in/wp-content/uploads/2023/10/Teachers-Day-2023-24-CP-new-028.jpg]
[rcis.in/wp-content/uploads/2023/10/Teachers-Day-2023-24-CP-new-027.jpg]
[rcis.in/wp-content/uploads/2023/10/Teachers-Day-2023-24-CP-new-026.jpg]
[rcis.in/wp-content/uploads/2023/10/Teachers-Day-2023-24-CP-new-025.jpg]
[rcis.in/wp-content/uploads/2023/10/Teachers-Day-2023-24-CP-new-024.jpg]
[rcis.in/wp-content/uploads/2023/10/Teachers-Day-2023-24-CP-new-023.jpg]
[rcis.in/wp-content/uploads/2023/10/Teachers-Day-2023-24-CP-new-022.jpg]
[rcis.in/wp-content/uploads/2023/10/Teachers-Day-2023-24-CP-new-021.jpg]
[rcis.in/wp-content/uploads/2023/10/Teachers-Day-2023-24-CP-new-020.jpg]
[rcis.in/wp-content/uploads/2023/10/Teachers-Day-2023-24-CP-new-019.jpg]
[rcis.in/wp-content/uploads/2023/10/Teachers-Day-2023-24-CP-new-018.jpg]
[rcis.in/wp-content/uploads/2023/10/Teachers-Day-2023-24-CP-new-017.jpg]
[rcis.in/wp-content/uploads/2023/10/Teachers-Day-2023-24-CP-new-016.jpg]
[rcis.in/wp-content/uploads/2023/10/Teachers-Day-2023-24-CP-new-015.jpg]
[rcis.in/wp-content/uploads/2023/10/Teachers-Day-2023-24-CP-new-014.jpg]
[rcis.in/wp-content/uploads/2023/10/Teachers-Day-2023-24-CP-new-013.jpg]
[rcis.in/wp-content/uploads/2023/10/Teachers-Day-2023-24-CP-new-012.jpg]
[rcis.in/wp-content/uploads/2023/10/Teachers-Day-2023-24-CP-new-011.jpg]
[rcis.in/wp-content/uploads/2023/10/Teachers-Day-2023-24-CP-new-010.jpg]
[rcis.in/wp-content/uploads/2023/10/Teachers-Day-2023-24-CP-new-009.jpg]
[rcis.in/wp-content/uploads/2023/10/Teachers-Day-2023-24-CP-new-008.jpg]
[rcis.in/wp-content/uploads/2023/10/Teachers-Day-2023-24-CP-new-007.jpg]
[rcis.in/wp-content/uploads/2023/10/Teachers-Day-2023-24-CP-new-006.jpg]
[rcis.in/wp-content/uploads/2023/10/Teachers-Day-2023-24-CP-new-005.jpg]
[rcis.in/wp-content/uploads/2023/10/Teachers-Day-2023-24-CP-new-004.jpg]
[rcis.in/wp-content/uploads/2023/10/Teachers-Day-2023-24-CP-new-003.jpg]
[rcis.in/wp-content/uploads/2023/10/Teachers-Day-2023-24-CP-new-002.jpg]
[rcis.in/wp-content/uploads/2023/10/Teachers-Day-2023-24-CP-new-001.jpg]
[rcis.in/wp-content/uploads/2023/10/Teachers-Day-2023-24-CP-new-030.jpg]
[rcis.in/wp-content/uploads/2023/11/IMG20231020155539.jpg]
[rcis.in/wp-content/uploads/2023/11/IMG20231020155646.jpg]
[rcis.in/wp-content/uploads/2023/11/IMG20231020160216.jpg]
[rcis.in/wp-content/uploads/2023/11/IMG20231103090901.jpg]
[rcis.in/wp-content/uploads/2023/11/IMG20231103091827.jpg]
[rcis.in/wp-content/uploads/2023/11/IMG20231103091833_01.jpg]
[rcis.in/wp-content/uploads/2023/11/IMG20231103092117.jpg]
[rcis.in/wp-content/uploads/2023/11/IMG20231103092122.jpg]
[rcis.in/wp-content/uploads/2023/11/IMG20231103092153.jpg]
[rcis.in/wp-content/uploads/2023/11/IMG20231103092155.jpg]
[rcis.in/wp-content/uploads/2023/11/IMG20231120144457.jpg]
[rcis.in/wp-content/uploads/2023/11/IMG20231120144510.jpg]
[rcis.in/wp-content/uploads/2023/11/IMG20231120144834.jpg]
[rcis.in/wp-content/uploads/2023/11/IMG20231120144835.jpg]
[rcis.in/wp-content/uploads/2023/11/IMG20231120145316.jpg]
[rcis.in/wp-content/uploads/2023/11/IMG20231120150254.jpg]
[rcis.in/wp-content/uploads/2023/11/IMG20231120150314.jpg]
[rcis.in/wp-content/uploads/2023/11/IMG20231120150417.jpg]
[rcis.in/wp-content/uploads/2023/11/IMG20231120150519.jpg]
[rcis.in/wp-content/uploads/2023/11/IMG20231120150520.jpg]
[rcis.in/wp-content/uploads/2023/11/IMG20231120150521.jpg]
[rcis.in/wp-content/uploads/2023/11/IMG20231120150633.jpg]
[rcis.in/wp-content/uploads/2023/11/IMG20231120150918.jpg]
[rcis.in/wp-content/uploads/2023/11/IMG20231120151026.jpg]
[rcis.in/wp-content/uploads/2023/11/IMG20231120151256.jpg]
[rcis.in/wp-content/uploads/2023/11/IMG20231120151312.jpg]
[rcis.in/wp-content/uploads/essential-addons-elementor/eael-700a8a8.css]
[rcis.in/schools/royale-concorde-international-school-chamrajpet-cbse/index.html]
[rcis.in/wp-content/uploads/essential-addons-elementor/eael-700a8a8.js]
[rcis.in/wp-content/uploads/elementor/css/post-23648c3f.css]
[rcis.in/wp-json/wp/v2/pages/2364.json]
[rcis.in/wp-json/oembed/1.0/embedc57b.json]
[rcis.in/wp-json/oembed/1.0/embed7df7]
[rcis.in/wp-content/uploads/essential-addons-elementor/eael-7002197.css]
[rcis.in/wp-content/uploads/essential-addons-elementor/eael-7002197.js]
[rcis.in/schools/royale-concorde-pu-college-kalyan-nagar/index.html]
[rcis.in/wp-content/uploads/elementor/css/post-23797348.css]
[rcis.in/wp-json/wp/v2/pages/2379.json]
[rcis.in/wp-json/oembed/1.0/embed83d3.json]
[rcis.in/wp-json/oembed/1.0/embedceb1]
[rcis.in/wp-content/uploads/essential-addons-elementor/eael-7001c8a.css]
[rcis.in/schools/royale-concorde-pu-college-begur/index.html]
[rcis.in/wp-content/uploads/essential-addons-elementor/eael-7001c8a.js]
[rcis.in/wp-content/uploads/2023/10/admission-overview-002.jpg]
[rcis.in/wp-content/uploads/elementor/css/post-1264f203.css]
[rcis.in/wp-json/wp/v2/pages/1264.json]
[rcis.in/wp-json/oembed/1.0/embeda657.json]
[rcis.in/wp-json/oembed/1.0/embedfd0a]
[rcis.in/wp-content/uploads/essential-addons-elementor/eael-7009adc.css]
[rcis.in/admission/overview/index.html]
[rcis.in/wp-content/uploads/essential-addons-elementor/eael-7009adc.js]
[rcis.in/wp-content/uploads/2023/10/registration.jpg]
[rcis.in/wp-content/uploads/elementor/css/post-1271d102.css]
[rcis.in/wp-json/wp/v2/pages/1271.json]
[rcis.in/wp-json/oembed/1.0/embedba86.json]
[rcis.in/wp-json/oembed/1.0/embed4516]
[rcis.in/wp-content/uploads/2023/10/applicationform.pdf]
[rcis.in/wp-content/uploads/essential-addons-elementor/eael-700881a.css]
[rcis.in/admission/admission-process/index.html]
[rcis.in/wp-content/uploads/essential-addons-elementor/eael-700881a.js]
[rcis.in/wp-content/uploads/elementor/css/post-13366eef.css]
[rcis.in/wp-json/wp/v2/pages/1336.json]
[rcis.in/wp-json/oembed/1.0/embedde9b.json]
[rcis.in/wp-json/oembed/1.0/embed3f56]
[rcis.in/wp-content/uploads/essential-addons-elementor/eael-7008536.css]
[rcis.in/apply-online/index.html]
[rcis.in/wp-content/uploads/essential-addons-elementor/eael-7008536.js]
[rcis.in/wp-content/uploads/essential-addons-elementor/eael-13601155.css]
[rcis.in/apply-admission-chamrajpet/index.html]
[rcis.in/wp-content/uploads/elementor/css/post-136082d3.css]
[rcis.in/wp-json/wp/v2/pages/1360.json]
[rcis.in/wp-json/oembed/1.0/embed1968.json]
[rcis.in/wp-json/oembed/1.0/embed5a64]
[rcis.in/wp-content/uploads/essential-addons-elementor/eael-7001155.css]
[rcis.in/wp-content/uploads/essential-addons-elementor/eael-13601155.js]
[rcis.in/wp-content/plugins/elementor/assets/lib/font-awesome/js/v4-shims.min29ad.js]
[rcis.in/admission/faqs/index.html]
[rcis.in/wp-content/uploads/essential-addons-elementor/eael-7001155.js]
[rcis.in/wp-content/uploads/2023/10/Co-Curricular-Activities-001-1024x525.jpg]
[rcis.in/wp-content/uploads/elementor/css/post-13684781.css]
[rcis.in/wp-json/wp/v2/pages/1368.json]
[rcis.in/wp-json/oembed/1.0/embed15fd.json]
[rcis.in/wp-json/oembed/1.0/embedcf78]
[rcis.in/wp-content/uploads/2023/10/Co-Curricular-Activities-002-1024x525.jpg]
[rcis.in/wp-content/uploads/2023/10/Co-Curricular-Activities-003-1024x525.jpg]
[rcis.in/wp-content/uploads/essential-addons-elementor/eael-700e8bb.css]
[rcis.in/wp-content/uploads/essential-addons-elementor/eael-700e8bb.js]
[rcis.in/campus-life/co-curricular-activities/index.html]
[rcis.in/wp-content/uploads/2023/10/extra-curricular-activities-art-001-1024x525.jpg]
[rcis.in/wp-content/uploads/elementor/css/post-1430b6d1.css]
[rcis.in/wp-json/wp/v2/pages/1430.json]
[rcis.in/wp-json/oembed/1.0/embed2d03.json]
[rcis.in/wp-json/oembed/1.0/embeda0ee]
[rcis.in/wp-content/uploads/2023/10/extra-curricular-activities-sports-002-1024x525.jpg]
[rcis.in/wp-content/uploads/2023/10/extra-curricular-activities-music-003-1024x525.jpg]
[rcis.in/wp-content/uploads/2023/10/extra-curricular-activities-festivals-004-1024x525.jpg]
[rcis.in/wp-content/uploads/2023/10/extra-curricular-activities-field-trips-006-1024x525.jpg]
[rcis.in/wp-content/uploads/essential-addons-elementor/eael-700c797.css]
[rcis.in/campus-life/extra-curricular-activities/index.html]
[rcis.in/wp-content/uploads/essential-addons-elementor/eael-700c797.js]
[rcis.in/wp-content/uploads/2023/10/clubs-001.jpg]
[rcis.in/wp-content/uploads/essential-addons-elementor/eael-1473b0e3.css]
[rcis.in/wp-content/uploads/elementor/css/post-1473ab90.css]
[rcis.in/wp-json/wp/v2/pages/1473.json]
[rcis.in/wp-json/oembed/1.0/embedebcc.json]
[rcis.in/wp-json/oembed/1.0/embed43c0]
[rcis.in/wp-content/uploads/2023/10/clubs-002.jpg]
[rcis.in/wp-content/uploads/2023/10/clubs-003.jpg]
[rcis.in/wp-content/uploads/2023/10/clubs-004.jpg]
[rcis.in/wp-content/uploads/2023/10/clubs-005.jpg]
[rcis.in/wp-content/uploads/essential-addons-elementor/eael-700b0e3.css]
[rcis.in/campus-life/clubs-societies-and-tie-ups/index.html]
[rcis.in/wp-content/uploads/essential-addons-elementor/eael-700b0e3.js]
[rcis.in/wp-content/uploads/2023/10/RCIS-K-Staff-Orientation-2022-23.jpg]
[rcis.in/wp-content/uploads/elementor/css/post-1533bdce.css]
[rcis.in/wp-json/wp/v2/pages/1533.json]
[rcis.in/wp-json/oembed/1.0/embed662a.json]
[rcis.in/wp-json/oembed/1.0/embed1051]
[rcis.in/wp-content/uploads/2023/10/nasa_trip-cover-image-scaled.jpg]
[rcis.in/wp-content/uploads/2023/10/childrensday2021.jpg]
[rcis.in/wp-content/uploads/2023/10/teachersday2021.jpg]
[rcis.in/wp-content/uploads/2023/10/photos5.jpg]
[rcis.in/wp-content/uploads/2023/10/covid.jpg]
[rcis.in/wp-content/uploads/2023/10/Teacherss-Eye-Camp.jpg]
[rcis.in/wp-content/uploads/2023/10/results_singing.jpg]
[rcis.in/wp-content/uploads/2023/10/Lock-Down-Activities-1.jpg]
[rcis.in/wp-content/uploads/2023/10/77th-independence-day-celebration-2023-1.jpg]
[rcis.in/wp-content/uploads/2023/10/Astra-Kids-2023.jpg]
[rcis.in/wp-content/uploads/2023/10/Sports-Day-2023.jpg]
[rcis.in/wp-content/uploads/2023/10/RCIS-K-International-Educational-Trip-to-NASA.jpg]
[rcis.in/wp-content/uploads/essential-addons-elementor/eael-7005e77.css]
[rcis.in/campus-life/gallery/index.html]
[rcis.in/wp-content/uploads/essential-addons-elementor/eael-7005e77.js]
[rcis.in/wp-content/uploads/elementor/css/post-162775a8.css]
[rcis.in/wp-json/wp/v2/pages/1627.json]
[rcis.in/wp-json/oembed/1.0/embedee86.json]
[rcis.in/wp-json/oembed/1.0/embed4eb9]
[rcis.in/wp-content/uploads/essential-addons-elementor/eael-7003251.css]
[rcis.in/news-events/index.html]
[rcis.in/wp-content/uploads/essential-addons-elementor/eael-7003251.js]
[rcis.in/wp-content/uploads/essential-addons-elementor/eael-46275e26.css]
[rcis.in/wp-content/uploads/elementor/css/post-462745b0.css]
[rcis.in/wp-json/wp/v2/pages/4627.json]
[rcis.in/wp-json/oembed/1.0/embed1ae7.json]
[rcis.in/wp-json/oembed/1.0/embedc212]
[rcis.in/wp-content/uploads/essential-addons-elementor/eael-7005e26.css]
[rcis.in/wp-content/uploads/essential-addons-elementor/eael-46275e26.js]
[rcis.in/blogs/index.html]
[rcis.in/wp-content/uploads/essential-addons-elementor/eael-7005e26.js]
[rcis.in/wp-content/uploads/2023/10/facilities-library-001.jpg]
[rcis.in/varieties-in-pulses-names/index.html]
[rcis.in/wp-content/uploads/elementor/css/post-1639dc23.css]
[rcis.in/what-is-a-consecutive-number/index.html]
[rcis.in/wp-json/wp/v2/pages/1639.json]
[rcis.in/wp-json/oembed/1.0/embed8213.json]
[rcis.in/wp-json/oembed/1.0/embedcb3b]
[rcis.in/wp-content/uploads/2023/10/facilities-laboratory-001.jpg]
[rcis.in/wp-content/uploads/2023/10/facilities-computer-001.jpg]
[rcis.in/wp-content/uploads/2023/10/facilities-auditorium-001.jpg]
[rcis.in/wp-content/uploads/essential-addons-elementor/eael-700ffff.css]
[rcis.in/facilities/index.html]
[rcis.in/wp-content/uploads/essential-addons-elementor/eael-700ffff.js]
[rcis.in/wp-content/uploads/elementor/css/post-170449e3.css]
[rcis.in/wp-json/wp/v2/pages/1704.json]
[rcis.in/wp-json/oembed/1.0/embed8515.json]
[rcis.in/wp-json/oembed/1.0/embedd51e]
[rcis.in/wp-content/uploads/essential-addons-elementor/eael-7005e72.css]
[rcis.in/wp-content/uploads/essential-addons-elementor/eael-7005e72.js]
[rcis.in/careers/index.html]
[rcis.in/wp-content/uploads/elementor/css/custom-widget-icon-list.min68bb.css]
[rcis.in/wp-content/uploads/elementor/css/custom-pro-widget-call-to-action.min1425.css]
[rcis.in/index7690.html]
[rcis.in/wp-includes/css/dashicons.min11c9.css]
[rcis.in/wp-includes/css/buttons.min11c9.css]
[rcis.in/wp-admin/css/forms.min11c9.css]
[rcis.in/wp-admin/css/l10n.min11c9.css]
[rcis.in/wp-admin/css/login.min11c9.css]
[rcis.in/wp-loginc2b6.html]
[rcis.in/wp-includes/js/zxcvbn-async.min5152.js]
[rcis.in/wp-admin/js/password-strength-meter.min11c9.js]
[rcis.in/wp-includes/js/underscore.mind584.js]
[rcis.in/wp-includes/js/wp-util.min11c9.js]
[rcis.in/wp-admin/js/user-profile.min11c9.js]
[rcis.in/wp-login.html]
[rcis.in/wp-content/plugins/elementor/assets/lib/e-gallery/css/e-gallery.min7359.css]
[rcis.in/wp-content/uploads/essential-addons-elementor/eael-700f9f8.css]
[rcis.in/wp-content/uploads/elementor/css/post-7001425.css]
[rcis.in/wp-content/plugins/elementor/assets/lib/font-awesome/webfonts/fa-brands-400.eot]
[rcis.in/wp-content/plugins/elementor/assets/lib/font-awesome/webfonts/fa-brands-400.woff2]
[rcis.in/wp-content/plugins/elementor/assets/lib/font-awesome/webfonts/fa-brands-400d41d.eot]
[rcis.in/wp-content/plugins/elementor/assets/lib/font-awesome/webfonts/fa-brands-400.woff]
[rcis.in/wp-content/plugins/elementor/assets/lib/font-awesome/webfonts/fa-brands-400.ttf]
[rcis.in/wp-content/plugins/elementor/assets/lib/font-awesome/webfonts/fa-regular-400.eot]
[rcis.in/wp-content/plugins/elementor/assets/lib/font-awesome/webfonts/fa-brands-400.svg]
[rcis.in/wp-content/plugins/elementor/assets/lib/font-awesome/webfonts/fa-regular-400d41d.eot]
[rcis.in/wp-content/plugins/elementor/assets/lib/font-awesome/webfonts/fa-regular-400.woff2]
[rcis.in/wp-content/plugins/elementor/assets/lib/font-awesome/webfonts/fa-regular-400.woff]
[rcis.in/wp-content/plugins/elementor/assets/lib/font-awesome/webfonts/fa-regular-400.ttf]
[rcis.in/wp-content/plugins/elementor/assets/lib/font-awesome/webfonts/fa-regular-400.svg]
[rcis.in/wp-content/plugins/elementor/assets/lib/font-awesome/webfonts/fa-solid-900.eot]
[rcis.in/wp-content/plugins/elementor/assets/lib/font-awesome/webfonts/fa-solid-900d41d.eot]
[rcis.in/wp-content/plugins/elementor/assets/lib/font-awesome/webfonts/fa-solid-900.woff2]
[rcis.in/wp-content/plugins/elementor/assets/lib/font-awesome/webfonts/fa-solid-900.woff]
[rcis.in/wp-content/plugins/elementor/assets/lib/font-awesome/webfonts/fa-solid-900.ttf]
[rcis.in/wp-content/plugins/elementor/assets/lib/font-awesome/css/all.min29ad.css]
[rcis.in/wp-content/plugins/elementor/assets/lib/font-awesome/css/v4-shims.min29ad.css]
[rcis.in/wp-content/plugins/elementor/assets/lib/animations/animations.minafc7.css]
[rcis.in/wp-content/plugins/elementor/assets/lib/font-awesome/css/fontawesome.min52d5.css]
[rcis.in/wp-content/plugins/elementor/assets/lib/font-awesome/css/solid.min52d5.css]
[rcis.in/wp-content/plugins/essential-addons-for-elementor-lite/assets/front-end/js/view/general.min29ad.js]
[rcis.in/wp-content/uploads/essential-addons-elementor/eael-4050f9f8.js]
[rcis.in/wp-content/plugins/elementor/assets/lib/font-awesome/webfonts/fa-solid-900.svg]
[rcis.in/wp-content/plugins/contact-form-7/includes/swv/js/index38d6.js]
[rcis.in/wp-content/plugins/contact-form-7/includes/js/index38d6.js]
[rcis.in/wp-content/plugins/wpcf7-redirect/build/js/wpcf7r-fe4963.js]
[rcis.in/wp-content/plugins/cf7-multi-step/assets/frontend/js/cf7mls206d.js]
[rcis.in/wp-content/themes/hello-elementor/assets/js/hello-frontend.min8a54.js]
[rcis.in/wp-content/plugins/elementor-pro/assets/lib/smartmenus/jquery.smartmenus.minf269.js]
[rcis.in/wp-includes/js/imagesloaded.mineda1.js]
[rcis.in/wp-content/plugins/elementor/assets/lib/e-gallery/js/e-gallery.min7359.js]
[rcis.in/wp-content/uploads/essential-addons-elementor/eael-700f9f8.js]
[rcis.in/wp-content/plugins/elementor-pro/assets/js/webpack-pro.runtime.min6b60.js]
[rcis.in/wp-content/plugins/elementor/assets/js/webpack.runtime.minafc7.js]
[rcis.in/wp-content/plugins/elementor/assets/js/frontend-modules.minafc7.js]
[rcis.in/wp-includes/js/dist/vendor/wp-polyfill-inert.min0226.js]
[rcis.in/wp-includes/js/dist/vendor/regenerator-runtime.min8fa4.js]
[rcis.in/wp-includes/js/dist/vendor/wp-polyfill.min2c7c.js]
[rcis.in/wp-includes/js/dist/hooks.min2ebd.js]
[rcis.in/wp-includes/js/dist/i18n.minf92f.js]
[rcis.in/wp-content/plugins/elementor-pro/assets/js/frontend.min6b60.js]
[rcis.in/wp-content/plugins/elementor/assets/lib/waypoints/waypoints.min05da.js]
[rcis.in/wp-includes/js/jquery/ui/core.min3f14.js]
[rcis.in/wp-content/plugins/elementor/assets/js/frontend.minafc7.js]
[rcis.in/wp-content/plugins/elementor-pro/assets/js/elements-handlers.min6b60.js]
[rcis.in/wp-content/plugins/elementor-pro/assets/lib/sticky/jquery.sticky.min6b60.js]
[rcis.in/wp-content/plugins/elementor/assets/lib/eicons/fonts/eicons9506.svg]
[rcis.in/wp-content/uploads/essential-addons-elementor/eael-1657c0bf.css]
[rcis.in/wp-content/uploads/2023/10/contact-rcis-banner-1920x600-002.jpg]
[rcis.in/wp-content/uploads/2023/10/contact-rcis-banner-414x414-002.jpg]
[rcis.in/wp-content/uploads/elementor/css/post-1657f43e.css]
[rcis.in/indexcf56.html]
[rcis.in/wp-content/plugins/elementor-pro/assets/css/widget-theme-elements.min.css]
[rcis.in/wp-content/uploads/essential-addons-elementor/eael-700c0bf.css]
[rcis.in/wp-content/uploads/essential-addons-elementor/eael-1657c0bf.js]
[rcis.in/wp-content/uploads/essential-addons-elementor/eael-700c0bf.js]
[rcis.in/wp-content/uploads/2023/10/about-rcis-banner-1920x600-1.jpg]
[rcis.in/wp-content/uploads/2023/10/about-rcis-banner-414x414-1.jpg]
[rcis.in/wp-content/uploads/elementor/css/post-905c9a2.css]
[rcis.in/index03b0.html]
[rcis.in/about/index.html]
[rcis.in/wp-content/uploads/essential-addons-elementor/eael-700b529.css]
[rcis.in/wp-content/uploads/essential-addons-elementor/eael-700b529.js]
[rcis.in/wp-content/uploads/2023/10/philosophy-rcis-banner-1920x600-1.jpg]
[rcis.in/wp-content/uploads/2023/10/philosophy-rcis-banner-414x414-1.jpg]
[rcis.in/wp-content/uploads/elementor/css/post-9897b1b.css]
[rcis.in/index6dad.html]
[rcis.in/wp-content/uploads/essential-addons-elementor/eael-700be24.css]
[rcis.in/wp-content/uploads/essential-addons-elementor/eael-700be24.js]
[rcis.in/wp-content/uploads/2023/10/mission-banner-1920x600-1.jpg]
[rcis.in/wp-content/uploads/2023/10/mission-rcis-banner-414x414-1.jpg]
[rcis.in/wp-content/uploads/elementor/css/post-10028684.css]
[rcis.in/index50b4.html]
[rcis.in/wp-content/uploads/essential-addons-elementor/eael-700a088.css]
[rcis.in/wp-content/uploads/essential-addons-elementor/eael-700a088.js]
[rcis.in/wp-content/uploads/essential-addons-elementor/eael-1015d1af.css]
[rcis.in/wp-content/uploads/2023/10/management-rcis-banner-1920x600-002.jpg]
[rcis.in/wp-content/uploads/2023/10/management-rcis-banner-414x414-002.jpg]
[rcis.in/wp-content/uploads/elementor/css/post-10157497.css]
[rcis.in/indexd7bf.html]
[rcis.in/wp-content/uploads/essential-addons-elementor/eael-700d1af.css]
[rcis.in/wp-content/uploads/essential-addons-elementor/eael-1015d1af.js]
[rcis.in/wp-content/uploads/essential-addons-elementor/eael-700d1af.js]
[rcis.in/wp-content/uploads/2023/10/why-rcis-banner-1920x600-1.jpg]
[rcis.in/wp-content/uploads/2023/10/why-rcis-002.jpg]
[rcis.in/wp-content/uploads/2023/10/why-rcis-banner-414x414-1.jpg]
[rcis.in/wp-content/uploads/elementor/css/post-11229cef.css]
[rcis.in/indexc9bc.html]
[rcis.in/wp-content/uploads/essential-addons-elementor/eael-7009b62.css]
[rcis.in/wp-content/uploads/essential-addons-elementor/eael-7009b62.js]
[rcis.in/wp-content/uploads/2023/10/awards-rcis-banner-1920x600-1.jpg]
[rcis.in/wp-content/uploads/elementor/css/post-11460df8.css]
[rcis.in/wp-content/uploads/2023/10/awards-rcis-banner-414x414-1.jpg]
[rcis.in/indexf518.html]
[rcis.in/wp-content/uploads/essential-addons-elementor/eael-700b7e4.css]
[rcis.in/wp-content/uploads/essential-addons-elementor/eael-700b7e4.js]
[rcis.in/wp-content/uploads/2023/10/testimonials-rcis-banner-1920x600-1.jpg]
[rcis.in/wp-content/uploads/2023/10/testimonials-rcis-banner-414x414-1.jpg]
[rcis.in/wp-content/uploads/elementor/css/post-11599ee5.css]
[rcis.in/index7914.html]
[rcis.in/wp-content/uploads/essential-addons-elementor/eael-7006531.css]
[rcis.in/wp-content/uploads/essential-addons-elementor/eael-7006531.js]
[rcis.in/wp-content/uploads/2023/10/preprimary-rcis-banner-1920x600-1.jpg]
[rcis.in/wp-content/uploads/2023/10/preprimary-rcis-banner-414x414-1.jpg]
[rcis.in/wp-content/uploads/elementor/css/post-1187bae6.css]
[rcis.in/index9aa6.html]
[rcis.in/academics/index.html]
[rcis.in/wp-content/uploads/essential-addons-elementor/eael-7009e8c.css]
[rcis.in/wp-content/uploads/essential-addons-elementor/eael-7009e8c.js]
[rcis.in/wp-content/uploads/2023/10/primary-rcis-banner-1920x600-1.jpg]
[rcis.in/wp-content/uploads/2023/10/primary-rcis-banner-414x414-1.jpg]
[rcis.in/wp-content/uploads/elementor/css/post-1209b3bf.css]
[rcis.in/index80fa.html]
[rcis.in/wp-content/uploads/essential-addons-elementor/eael-7002746.css]
[rcis.in/wp-content/uploads/essential-addons-elementor/eael-7002746.js]
[rcis.in/wp-content/uploads/2023/10/middle-rcis-banner-1920x600-1.jpg]
[rcis.in/wp-content/uploads/2023/10/middle-rcis-banner-414x414-1.jpg]
[rcis.in/wp-content/uploads/elementor/css/post-12153108.css]
[rcis.in/indexcef9.html]
[rcis.in/wp-content/uploads/essential-addons-elementor/eael-700af3a.css]
[rcis.in/wp-content/uploads/essential-addons-elementor/eael-700af3a.js]
[rcis.in/wp-content/uploads/2023/10/Senior-Secondary-rcis-banner-1920x600-1.jpg]
[rcis.in/wp-content/uploads/elementor/css/post-12434c48.css]
[rcis.in/wp-content/uploads/2023/10/Senior-Secondary-rcis-banner-414x414-1.jpg]
[rcis.in/index4e41.html]
[rcis.in/wp-content/uploads/essential-addons-elementor/eael-700d78c.css]
[rcis.in/wp-content/uploads/essential-addons-elementor/eael-700d78c.js]
[rcis.in/wp-content/uploads/elementor/css/post-174114f6.css]
[rcis.in/indexef83.html]
[rcis.in/schools/index.html]
[rcis.in/wp-content/uploads/elementor/css/post-43221214.css]
[rcis.in/wp-content/plugins/elementor/assets/lib/font-awesome/css/regular.min52d5.css]
[rcis.in/wp-json/wp/v2/pages/4322.json]
[rcis.in/wp-json/oembed/1.0/embed2ae3.json]
[rcis.in/wp-json/oembed/1.0/embed1a88]
[rcis.in/wp-content/plugins/elementor/assets/lib/flatpickr/flatpickr.mineda1.css]
[rcis.in/wp-content/uploads/essential-addons-elementor/eael-7001684.css]
[rcis.in/wp-content/plugins/elementor/assets/lib/flatpickr/flatpickr.mineda1.js]
[rcis.in/wp-content/uploads/essential-addons-elementor/eael-7001684.js]
[rcis.in/apply-admission/index.html]
[rcis.in/wp-content/plugins/elementor/assets/lib/font-awesome/css/brands.min52d5.css]
[rcis.in/wp-content/uploads/essential-addons-elementor/eael-7003a9c.css]
[rcis.in/wp-content/uploads/essential-addons-elementor/eael-7003a9c.js]
[rcis.in/wp-content/uploads/essential-addons-elementor/eael-4497a8a8.css]
[rcis.in/wp-content/uploads/2023/10/chamrajpet-rcis-banner-1920x600-new-002.jpg]
[rcis.in/wp-content/uploads/2023/10/admission-cta-bg-kalyannagar-001.jpg]
[rcis.in/wp-content/uploads/2023/10/chamarajpet-rcis-banner-414x414-m-new-002.jpg]
[rcis.in/wp-content/uploads/elementor/css/post-45019451.css]
[rcis.in/wp-content/uploads/elementor/css/post-4517a7bd.css]
[rcis.in/wp-content/uploads/elementor/css/post-44974280.css]
[rcis.in/indexeef1.html]
[rcis.in/wp-content/uploads/essential-addons-elementor/eael-700a8a8.css]
[rcis.in/wp-content/uploads/essential-addons-elementor/eael-4497a8a8.js]
[rcis.in/wp-content/uploads/essential-addons-elementor/eael-700a8a8.js]
[rcis.in/wp-content/uploads/2023/10/pucollege-kalyannagar-rcis-banner-1920x600-1.jpg]
[rcis.in/wp-content/uploads/2023/10/pucollege-kalyannagar-rcis-banner-414x414-1.jpg]
[rcis.in/wp-content/uploads/elementor/css/post-23648c3f.css]
[rcis.in/index97da.html]
[rcis.in/wp-content/uploads/essential-addons-elementor/eael-7002197.css]
[rcis.in/wp-content/uploads/essential-addons-elementor/eael-7002197.js]
[rcis.in/wp-content/uploads/elementor/css/post-23797348.css]
[rcis.in/index0047.html]
[rcis.in/wp-content/uploads/essential-addons-elementor/eael-7001c8a.css]
[rcis.in/wp-content/uploads/essential-addons-elementor/eael-7001c8a.js]
[rcis.in/wp-content/uploads/2023/10/admission-overview-rcis-banner-1920x600-1.jpg]
[rcis.in/wp-content/uploads/2023/10/admission-overview-rcis-banner-414x414-1.jpg]
[rcis.in/wp-content/uploads/elementor/css/post-1264f203.css]
[rcis.in/index1d4f.html]
[rcis.in/admission/index.html]
[rcis.in/wp-content/uploads/essential-addons-elementor/eael-7009adc.css]
[rcis.in/wp-content/uploads/essential-addons-elementor/eael-7009adc.js]
[rcis.in/wp-content/uploads/2023/10/admission-process-rcis-banner-1920x600-002.jpg]
[rcis.in/wp-content/uploads/2023/10/admission-process-rcis-banner-414x414-002.jpg]
[rcis.in/wp-content/uploads/elementor/css/post-1271d102.css]
[rcis.in/index0ba7.html]
[rcis.in/wp-content/uploads/essential-addons-elementor/eael-700881a.css]
[rcis.in/wp-content/uploads/essential-addons-elementor/eael-700881a.js]
[rcis.in/wp-content/uploads/2023/10/apply-online-rcis-banner-1920x600-1.jpg]
[rcis.in/wp-content/uploads/2023/10/apply-online-rcis-banner-414x414-1.jpg]
[rcis.in/wp-content/uploads/elementor/css/post-13366eef.css]
[rcis.in/index5c41.html]
[rcis.in/wp-content/uploads/elementor/css/post-44382de4.css]
[rcis.in/wp-json/wp/v2/pages/4438.json]
[rcis.in/wp-json/oembed/1.0/embed634d.json]
[rcis.in/wp-json/oembed/1.0/embeda47d]
[rcis.in/wp-content/uploads/essential-addons-elementor/eael-700912e.css]
[rcis.in/wp-content/uploads/essential-addons-elementor/eael-700912e.js]
[rcis.in/apply-admission-chamrajpet/index.html]
[rcis.in/wp-content/uploads/essential-addons-elementor/eael-7008536.css]
[rcis.in/wp-content/uploads/essential-addons-elementor/eael-7008536.js]
[rcis.in/wp-content/uploads/essential-addons-elementor/eael-13601155.css]
[rcis.in/wp-content/uploads/2023/10/faq-rcis-banner-1920x600-1.jpg]
[rcis.in/wp-content/uploads/2023/10/faq-rcis-banner-414x414-1.jpg]
[rcis.in/wp-content/uploads/elementor/css/post-136082d3.css]
[rcis.in/index1ce4.html]
[rcis.in/wp-content/uploads/essential-addons-elementor/eael-7001155.css]
[rcis.in/wp-content/uploads/essential-addons-elementor/eael-13601155.js]
[rcis.in/wp-content/plugins/elementor/assets/lib/font-awesome/js/v4-shims.min29ad.js]
[rcis.in/wp-content/uploads/essential-addons-elementor/eael-7001155.js]
[rcis.in/wp-content/uploads/2023/10/Co-Curricular-Activities-rcis-banner-1920x600-1.jpg]
[rcis.in/wp-content/uploads/2023/10/Co-Curricular-Activities-rcis-banner-414x414-1.jpg]
[rcis.in/wp-content/uploads/elementor/css/post-13684781.css]
[rcis.in/index027d.html]
[rcis.in/campus-life/index.html]
[rcis.in/wp-content/uploads/essential-addons-elementor/eael-700e8bb.css]
[rcis.in/wp-content/uploads/essential-addons-elementor/eael-700e8bb.js]
[rcis.in/wp-content/uploads/2023/10/Extra-Curricular-Activities-rcis-banner-1920x600-1.jpg]
[rcis.in/wp-content/uploads/2023/10/Extra-Curricular-Activities-rcis-banner-414x414-1.jpg]
[rcis.in/wp-content/uploads/elementor/css/post-1430b6d1.css]
[rcis.in/indexb988.html]
[rcis.in/wp-content/uploads/essential-addons-elementor/eael-700c797.css]
[rcis.in/wp-content/uploads/essential-addons-elementor/eael-700c797.js]
[rcis.in/wp-content/uploads/essential-addons-elementor/eael-1473b0e3.css]
[rcis.in/wp-content/uploads/2023/10/clubs-rcis-banner-1920x600-1.jpg]
[rcis.in/wp-content/uploads/2023/10/clubs-rcis-banner-414x414-1.jpg]
[rcis.in/wp-content/uploads/elementor/css/post-1473ab90.css]
[rcis.in/index9311.html]
[rcis.in/wp-content/uploads/essential-addons-elementor/eael-700b0e3.css]
[rcis.in/wp-content/uploads/essential-addons-elementor/eael-1473b0e3.js]
[rcis.in/wp-content/uploads/essential-addons-elementor/eael-700b0e3.js]
[rcis.in/wp-content/uploads/2023/10/gallery-rcis-banner-1920x600-1.jpg]
[rcis.in/wp-content/uploads/2023/10/gallery-rcis-banner-414x414-1.jpg]
[rcis.in/wp-content/uploads/elementor/css/post-1533bdce.css]
[rcis.in/indexc8d7.html]
[rcis.in/wp-content/uploads/essential-addons-elementor/eael-7005e77.css]
[rcis.in/wp-content/uploads/essential-addons-elementor/eael-7005e77.js]
[rcis.in/wp-content/uploads/2023/10/newsevents-rcis-banner-1920x600-1.jpg]
[rcis.in/wp-content/uploads/2023/10/newsevents-rcis-banner-414x414-1.jpg]
[rcis.in/wp-content/uploads/elementor/css/post-162775a8.css]
[rcis.in/index2e27.html]
[rcis.in/wp-content/uploads/essential-addons-elementor/eael-7003251.css]
[rcis.in/wp-content/uploads/essential-addons-elementor/eael-7003251.js]
[rcis.in/wp-content/uploads/essential-addons-elementor/eael-46275e26.css]
[rcis.in/wp-content/uploads/elementor/css/post-462745b0.css]
[rcis.in/index0b0c.html]
[rcis.in/wp-content/uploads/elementor/css/post-4657136e.css]
[rcis.in/wp-json/wp/v2/posts/4657.json]
[rcis.in/wp-json/oembed/1.0/embed2ae7.json]
[rcis.in/wp-json/oembed/1.0/embed6686]
[rcis.in/wp-content/uploads/essential-addons-elementor/eael-7003300.css]
[rcis.in/varieties-in-pulses-names/index.html]
[rcis.in/wp-content/uploads/essential-addons-elementor/eael-7003300.js]
[rcis.in/wp-content/uploads/elementor/css/post-46226431.css]
[rcis.in/wp-json/wp/v2/posts/4622.json]
[rcis.in/wp-json/oembed/1.0/embedb0dd.json]
[rcis.in/wp-json/oembed/1.0/embedc360]
[rcis.in/wp-content/uploads/essential-addons-elementor/eael-700b20f.css]
[rcis.in/what-is-a-consecutive-number/index.html]
[rcis.in/wp-content/uploads/essential-addons-elementor/eael-700b20f.js]
[rcis.in/wp-content/uploads/essential-addons-elementor/eael-7005e26.css]
[rcis.in/wp-content/uploads/essential-addons-elementor/eael-46275e26.js]
[rcis.in/wp-content/uploads/essential-addons-elementor/eael-7005e26.js]
[rcis.in/wp-content/uploads/2023/10/facilities-rcis-banner-1920x600-1.jpg]
[rcis.in/wp-content/uploads/2023/10/facilities-rcis-banner-414x414-1.jpg]
[rcis.in/wp-content/uploads/elementor/css/post-1639dc23.css]
[rcis.in/indexe38d.html]
[rcis.in/wp-content/uploads/essential-addons-elementor/eael-700ffff.css]
[rcis.in/wp-content/uploads/essential-addons-elementor/eael-700ffff.js]
[rcis.in/wp-content/uploads/2023/10/careers-rcis-banner-1920x600-1.jpg]
[rcis.in/wp-content/uploads/2023/10/careers-rcis-banner-414x414-1.jpg]
[rcis.in/wp-content/uploads/elementor/css/post-170449e3.css]
[rcis.in/index9ed7.html]
[rcis.in/wp-content/uploads/essential-addons-elementor/eael-7005e72.css]
[rcis.in/wp-content/uploads/essential-addons-elementor/eael-7005e72.js]
[rcis.in/wp-includes/fonts/dashicons7d4b.eot]
[rcis.in/wp-includes/css/dashicons.min11c9.css]
[rcis.in/wp-includes/fonts/dashicons7d4b.ttf]
[rcis.in/wp-includes/css/buttons.min11c9.css]
[rcis.in/wp-admin/images/loading.gif]
[rcis.in/wp-admin/css/forms.min11c9.css]
[rcis.in/wp-admin/css/l10n.min11c9.css]
[rcis.in/wp-admin/images/w-logo-blue7a53.png]
[rcis.in/wp-admin/images/wordpress-logo7d6b.svg]
[rcis.in/wp-admin/css/login.min11c9.css]
[rcis.in/wp-loginc2b6.html]
[rcis.in/wp-includes/js/zxcvbn-async.min5152.js]
[rcis.in/wp-admin/js/password-strength-meter.min11c9.js]
[rcis.in/wp-includes/js/underscore.mind584.js]
[rcis.in/wp-includes/js/wp-util.min11c9.js]
[rcis.in/wp-admin/js/user-profile.min11c9.js]
[rcis.in/wp-content/plugins/elementor/assets/lib/font-awesome/webfonts/fa-brands-400.svg]
[rcis.in/wp-content/plugins/elementor/assets/lib/font-awesome/webfonts/fa-regular-400.svg]
[rcis.in/wp-content/plugins/elementor/assets/lib/font-awesome/webfonts/fa-solid-900.svg]
[rcis.in/OPR/index.html]
[rcis.in/wp-content/uploads/elementor/css/post-43221214.css]
[rcis.in/wp-content/plugins/elementor/assets/lib/font-awesome/css/regular.min52d5.css]
[rcis.in/index400c.html]
[rcis.in/wp-content/plugins/elementor/assets/lib/flatpickr/flatpickr.mineda1.css]
[rcis.in/wp-content/uploads/essential-addons-elementor/eael-7001684.css]
[rcis.in/wp-content/plugins/elementor/assets/lib/flatpickr/flatpickr.mineda1.js]
[rcis.in/wp-content/uploads/essential-addons-elementor/eael-7001684.js]
[rcis.in/wp-content/uploads/elementor/css/post-44382de4.css]
[rcis.in/index8201.html]
[rcis.in/wp-content/uploads/essential-addons-elementor/eael-700912e.css]
[rcis.in/wp-content/uploads/essential-addons-elementor/eael-700912e.js]
[rcis.in/admission/faqs/Trident/index.html]
[rcis.in/wp-content/uploads/elementor/css/post-4657136e.css]
[rcis.in/index83a7.html]
[rcis.in/wp-content/uploads/essential-addons-elementor/eael-7003300.css]
[rcis.in/wp-content/uploads/essential-addons-elementor/eael-7003300.js]
[rcis.in/wp-content/uploads/elementor/css/post-46226431.css]
[rcis.in/index07ac.html]
[rcis.in/wp-content/uploads/essential-addons-elementor/eael-700b20f.css]
[rcis.in/wp-content/uploads/essential-addons-elementor/eael-700b20f.js]
[rcis.in/wp-admin/images/wordpress-logo7d6b.svg]
