[stfroebelschool.com/index.html]
[backblue.gif]
[fade.gif]
[index.html]
[stfroebelschool.com/style.css]
[stfroebelschool.com/css/bootstrap.min.css]
[cdnjs.cloudflare.com/ajax/libs/font-awesome/4.7.0/css/font-awesome.min.css]
[stfroebelschool.com/img/favicon.ico]
[stfroebelschool.com/img/apple-touch-icon.png]
[stfroebelschool.com/fonts/shlop-rg.ttf]
[stfroebelschool.com/sfs/img/syllabus/new.gif]
[stfroebelschool.com/index-2.html]
[stfroebelschool.com/img/core-img/logo.png]
[stfroebelschool.com/about-us.html]
[stfroebelschool.com/chairman.html]
[stfroebelschool.com/principal-desk.html]
[stfroebelschool.com/affiltion-status.html]
[stfroebelschool.com/annual-report.html]
[stfroebelschool.com/admission-process.html]
[stfroebelschool.com/apply-now.html]
[stfroebelschool.com/fee.html]
[stfroebelschool.com/syllabus.html]
[stfroebelschool.com/subject-options-for-classXI.html]
[stfroebelschool.com/transfer-certificate.html]
[stfroebelschool.com/library.html]
[stfroebelschool.com/cbse-link.html]
[stfroebelschool.com/unit-test-schedule-senior.html]
[stfroebelschool.com/unit-test-schedule-junior.html]
[stfroebelschool.com/senior-school-activity.html]
[stfroebelschool.com/Junior-school-activity.html]
[stfroebelschool.com/sports-corner.html]
[stfroebelschool.com/events.html]
[stfroebelschool.com/special-assemblies.html]
[stfroebelschool.com/trips-excursions.html]
[stfroebelschool.com/clubs.html]
[stfroebelschool.com/infirmary.html]
[stfroebelschool.com/transport.html]
[stfroebelschool.com/cafeteria.html]
[stfroebelschool.com/samrt-class.html]
[stfroebelschool.com/let-me-observe-and-learn.html]
[stfroebelschool.com/social-initiatives.html]
[stfroebelschool.com/cbse-result.html]
[stfroebelschool.com/olympiads.html]
[stfroebelschool.com/safty-security.html]
[stfroebelschool.com/diaster-management.html]
[stfroebelschool.com/POCSO.html]
[stfroebelschool.com/anti-bulling-committee.html]
[stfroebelschool.com/road-safety-committee.html]
[stfroebelschool.com/photo-gallery.html]
[stfroebelschool.com/video-gallery.html]
[stfroebelschool.com/contact.html]
[stfroebelschool.com/img/bg-img/bnf.jpg]
[stfroebelschool.com/img/bg-img/tccc.jpg]
[stfroebelschool.com/img/bg-img/bn-01.png]
[stfroebelschool.com/img/bg-img/bn1.jpg]
[stfroebelschool.com/img/bg-img/bn4.jpg]
[stfroebelschool.com/img/bg-img/bn2.jpg]
[stfroebelschool.com/img/bg-img/bn3.jpg]
[stfroebelschool.com/img/bg-img/bn5.jpg]
[stfroebelschool.com/img/IMt-Excellence.jpg]
[stfroebelschool.com/img/yash.jpg]
[stfroebelschool.com/img/gward.jpg]
[stfroebelschool.com/img/puraward.jpg]
[stfroebelschool.com/img/notice-pdf/24-25/class-1-datesheet-pt1-24.pdf]
[stfroebelschool.com/img/notice-pdf/24-25/class-2-datesheet-pt1-24.pdf]
[stfroebelschool.com/img/notice-pdf/24-25/class-3-datesheet-pt1-24.pdf]
[stfroebelschool.com/img/notice-pdf/24-25/class-4-datesheet-pt1-24.pdf]
[stfroebelschool.com/img/notice-pdf/24-25/class-5-datesheet-pt1-24.pdf]
[stfroebelschool.com/img/notice-pdf/24-25/class-6-datesheet-pt1-24.pdf]
[stfroebelschool.com/img/notice-pdf/24-25/class-7-datesheet-pt1-24.pdf]
[stfroebelschool.com/img/notice-pdf/24-25/class-8-datesheet-pt1-24.pdf]
[stfroebelschool.com/img/notice-pdf/24-25/class-9-datesheet-pt1-24.pdf]
[stfroebelschool.com/img/notice-pdf/24-25/X-pt-1-2024-25.pdf]
[stfroebelschool.com/img/notice-pdf/24-25/XII-pt-1-2024-25.pdf]
[stfroebelschool.com/img/notice-pdf/2023-24/final-datesheet-i-to-v.pdf]
[stfroebelschool.com/img/notice-pdf/2023-24/final-datesheet-vi-to-viii.pdf]
[stfroebelschool.com/img/notice-pdf/2023-24/final-datesheet-ix-xi.pdf]
[stfroebelschool.com/img/notice-pdf/24-25/list-of-selected-candidates.pdf]
[stfroebelschool.com/img/notice-pdf/24-25/Waiting-List-First.pdf]
[stfroebelschool.com/img/notice-pdf/24-25/Waiting-List-Second.pdf]
[stfroebelschool.com/img/notice-pdf/2023-24/schedule.pdf]
[stfroebelschool.com/img/notice-pdf/2023-24/Criteria-of-Admission-2024-25.pdf]
[stfroebelschool.com/img/notice-pdf/2023-24/mid-datesheet-6to9-11.pdf]
[stfroebelschool.com/img/notice-pdf/2023-24/mid-datesheet-1to5.pdf]
[stfroebelschool.com/img/notice-pdf/2023-24/olympiads-ps-pp.pdf]
[stfroebelschool.com/img/notice-pdf/2023-24/olympiads-1-12.pdf]
[stfroebelschool.com/img/notice-pdf/2023-24/11-datesheet-pa-1.pdf]
[stfroebelschool.com/img/notice-pdf/2023-24/summer-holiday.pdf]
[stfroebelschool.com/img/notice-pdf/2023-24/Circular-PTM-.pdf]
[stfroebelschool.com/img/notice-pdf/2023-24/X-XII-PERODIC-TEST-1-23.pdf]
[stfroebelschool.com/img/motto.jpg]
[stfroebelschool.com/img/bg-img/chairman.jpg]
[stfroebelschool.com/img/bg-img/banner1.jpg]
[stfroebelschool.com/img/wall-white.jpg]
[stfroebelschool.com/img/f-event/e7.png]
[stfroebelschool.com/img/f-event/orieentation.jpg]
[stfroebelschool.com/img/f-event/e5.jpg]
[stfroebelschool.com/img/f-event/e6.jpg]
[stfroebelschool.com/img/f-event/e1.jpg]
[stfroebelschool.com/img/f-event/e2.jpg]
[stfroebelschool.com/img/f-event/e3.jpg]
[stfroebelschool.com/img/f-event/e4.jpg]
[stfroebelschool.com/campus.html]
[stfroebelschool.com/img/cam1.png]
[stfroebelschool.com/img/enq.png]
[stfroebelschool.com/img/regf.png]
[stfroebelschool.com/img/career.png]
[stfroebelschool.com/img/icons/xphone-call.png.pagespeed.ic.qL3VnRpQOP.png]
[stfroebelschool.com/img/icons/envelope.png]
[stfroebelschool.com/img/icons/location.png]
[stfroebelschool.com/img/vtourp.jpg]
[stfroebelschool.com/vtvo/index.html]
[stfroebelschool.com/js/jquery/jquery-2.2.4.min.js]
[stfroebelschool.com/js/bootstrap.min.js]
[stfroebelschool.com/js/plugins.js]
[stfroebelschool.com/index.html]
[stfroebelschool.com/img/bg-img/banner1-n.html]
[www.googletagmanager.com/gtm5445.html]
[stfroebelschool.com/js/classy-nav.min.js+jquery-ui.min.js+active.js.pagespeed.jc.XnuZxaR0eP.js]
[stfroebelschool.com/css/animate.css]
[stfroebelschool.com/css/owl.carousel.css]
[stfroebelschool.com/css/classy-nav.min.css]
[stfroebelschool.com/css/magnific-popup.css]
[stfroebelschool.com/css/font-awesome.min.css]
[stfroebelschool.com/css/themify-icons.css]
[stfroebelschool.com/css/nice-select.css]
[stfroebelschool.com/css/jquery-ui.min.css]
[stfroebelschool.com/style.css]
[stfroebelschool.com/css/bootstrap.min.css]
[cdnjs.cloudflare.com/ajax/libs/font-awesome/4.7.0/css/font-awesome.min.css]
[stfroebelschool.com/index-2.html]
[stfroebelschool.com/img/bg-img/top-b.jpg]
[stfroebelschool.com/about-us.html]
[stfroebelschool.com/chairman.html]
[stfroebelschool.com/js/popper.min.js+bootstrap.min.js.pagespeed.jc.5Xa91IGMlr.js]
[stfroebelschool.com/img/principal-pic.jpg]
[stfroebelschool.com/principal-desk.html]
[stfroebelschool.com/img/core-img/banner1.jpg]
[stfroebelschool.com/img/cbse.png]
[stfroebelschool.com/img/core-img/mlogo.png]
[stfroebelschool.com/affiltion-status.html]
[stfroebelschool.com/img/ANNUAL-REPORT-2023d41d.pdf]
[stfroebelschool.com/img/SFS-Presentation-for-annual-reportd41d.pdf]
[stfroebelschool.com/annual-report.html]
[stfroebelschool.com/admission-process.html]
[stfroebelschool.com/img/admicon.png]
[stfroebelschool.com/apply-now.html]
[stfroebelschool.com/fee.html]
[stfroebelschool.com/img/download.png]
[stfroebelschool.com/img/syllabus/2024-25/class-1.pdf]
[stfroebelschool.com/img/syllabus/2024-25/class-2.pdf]
[stfroebelschool.com/img/syllabus/2024-25/class-3.pdf]
[stfroebelschool.com/img/syllabus/2024-25/class-4.pdf]
[stfroebelschool.com/img/syllabus/2024-25/class-5.pdf]
[stfroebelschool.com/img/syllabus/2024-25/class-6.pdf]
[stfroebelschool.com/img/syllabus/2024-25/class-7.pdf]
[stfroebelschool.com/img/syllabus/2024-25/class-8.pdf]
[stfroebelschool.com/img/syllabus/2024-25/class-9.pdf]
[stfroebelschool.com/img/syllabus/2024-25/class-10.pdf]
[stfroebelschool.com/img/syllabus/2024-25/class-12.pdf]
[stfroebelschool.com/syllabus.html]
[maxcdn.bootstrapcdn.com/bootstrap/4.0.0/css/bootstrap.min.css]
[stfroebelschool.com/subject-options-for-classXI.html]
[maxcdn.bootstrapcdn.com/bootstrap/4.0.0/js/bootstrap.min.js]
[stfroebelschool.com/img/tc-sampled41d.pdf]
[stfroebelschool.com/transfer-certificate.html]
[stfroebelschool.com/img/library.jpg]
[stfroebelschool.com/library.html]
[stfroebelschool.com/cbse-link.html]
[stfroebelschool.com/unit-test-schedule-senior.html]
[stfroebelschool.com/unit-test-schedule-junior.html]
[stfroebelschool.com/senior-school-activity.html]
[stfroebelschool.com/Junior-school-activity.html]
[stfroebelschool.com/sports-corner.html]
[stfroebelschool.com/events.html]
[stfroebelschool.com/special-assemblies.html]
[stfroebelschool.com/trips-excursions.html]
[stfroebelschool.com/clubs.html]
[stfroebelschool.com/img/infirmary.jpg]
[stfroebelschool.com/infirmary.html]
[stfroebelschool.com/img/transport-bus.png]
[stfroebelschool.com/transport.html]
[stfroebelschool.com/img/cafeteria.jpg]
[stfroebelschool.com/cafeteria.html]
[stfroebelschool.com/img/smart-class.png]
[stfroebelschool.com/samrt-class.html]
[stfroebelschool.com/let-me-observe-and-learn.html]
[stfroebelschool.com/social-initiatives.html]
[stfroebelschool.com/img/result-23-24-x-xii.jpg]
[stfroebelschool.com/cbse-result.html]
[stfroebelschool.com/olympiads.html]
[stfroebelschool.com/img/security.png]
[stfroebelschool.com/img/visitor.png]
[stfroebelschool.com/img/restroom.png]
[stfroebelschool.com/safty-security.html]
[stfroebelschool.com/diaster-management.html]
[stfroebelschool.com/POCSO.html]
[stfroebelschool.com/anti-bulling-committee.html]
[stfroebelschool.com/road-safety-committee.html]
[rawgit.com/LeshikJanz/libraries/master/Bootstrap/baguetteBox.min.css]
[stfroebelschool.com/img/gallery/2023-24/1.jpg]
[stfroebelschool.com/img/gallery/2023-24/2.jpg]
[stfroebelschool.com/img/gallery/2023-24/3.jpg]
[stfroebelschool.com/img/gallery/2023-24/4.jpg]
[stfroebelschool.com/img/gallery/2023-24/5.jpg]
[stfroebelschool.com/img/gallery/2023-24/6.jpg]
[stfroebelschool.com/img/gallery/2023-24/7.jpg]
[stfroebelschool.com/img/gallery/2023-24/8.jpg]
[stfroebelschool.com/img/gallery/2023-24/9.jpg]
[stfroebelschool.com/img/gallery/2023-24/10.jpg]
[stfroebelschool.com/img/gallery/2023-24/11.jpg]
[stfroebelschool.com/img/gallery/2023-24/12.jpg]
[stfroebelschool.com/img/gallery/2023-24/13.jpg]
[stfroebelschool.com/img/gallery/2023-24/14.jpg]
[stfroebelschool.com/img/gallery/2023-24/15.jpg]
[stfroebelschool.com/img/gallery/2023-24/16.jpg]
[stfroebelschool.com/img/gallery/2022-23/image-diwali-22-23(1).jpg]
[stfroebelschool.com/img/gallery/2022-23/image-diwali-22-23(2).jpg]
[stfroebelschool.com/img/gallery/2022-23/image-diwali-22-23(3).jpg]
[stfroebelschool.com/img/gallery/2022-23/image-diwali-22-23(4).jpg]
[stfroebelschool.com/img/gallery/2022-23/image-diwali-22-23(5).jpg]
[stfroebelschool.com/img/gallery/2022-23/image-diwali-22-23(6).jpg]
[stfroebelschool.com/img/gallery/2022-23/image-diwali-22-23(7).jpg]
[stfroebelschool.com/img/gallery/2022-23/image-diwali-22-23(8).jpg]
[stfroebelschool.com/img/gallery/2022-23/image-diwali-22-23(9).jpg]
[stfroebelschool.com/img/gallery/2022-23/image-22-23session(146).jpg]
[stfroebelschool.com/img/gallery/2022-23/image-22-23session(147).jpg]
[stfroebelschool.com/img/gallery/2022-23/image-22-23session(140).jpg]
[stfroebelschool.com/img/gallery/2022-23/image-22-23session(148).jpg]
[stfroebelschool.com/img/gallery/2022-23/image-22-23session(149).jpg]
[stfroebelschool.com/img/gallery/2022-23/image-22-23session(152).jpg]
[stfroebelschool.com/img/gallery/2022-23/image-22-23session(153).jpg]
[stfroebelschool.com/img/gallery/2022-23/image-22-23session(154).jpg]
[stfroebelschool.com/img/gallery/2022-23/image-22-23session(155).jpg]
[stfroebelschool.com/img/gallery/2022-23/image-22-23session(156).jpg]
[stfroebelschool.com/img/gallery/2022-23/image-22-23session(157).jpg]
[stfroebelschool.com/img/gallery/2022-23/image-22-23session(80).jpg]
[stfroebelschool.com/img/gallery/2022-23/image-22-23session(81).jpg]
[stfroebelschool.com/img/gallery/2022-23/image-22-23session(82).jpg]
[stfroebelschool.com/img/gallery/2022-23/image-22-23session(83).jpg]
[stfroebelschool.com/img/gallery/2022-23/image-22-23session(1).jpg]
[stfroebelschool.com/img/gallery/2022-23/image-22-23session(2).jpg]
[stfroebelschool.com/img/gallery/2022-23/image-22-23session(3).jpg]
[stfroebelschool.com/img/gallery/2022-23/image-22-23session(4).jpg]
[stfroebelschool.com/img/gallery/2022-23/image-22-23session(53).jpg]
[stfroebelschool.com/img/gallery/2022-23/image-22-23session(91).jpg]
[stfroebelschool.com/img/gallery/2022-23/image-22-23session(52).jpg]
[stfroebelschool.com/img/gallery/2022-23/image-22-23session(50).jpg]
[stfroebelschool.com/img/gallery/2022-23/image-22-23session(51).jpg]
[stfroebelschool.com/img/gallery/2022-23/image-22-23session(49).jpg]
[stfroebelschool.com/img/gallery/2022-23/image-22-23session(38).jpg]
[stfroebelschool.com/img/gallery/2022-23/image-22-23session(39).jpg]
[stfroebelschool.com/img/gallery/2022-23/image-22-23session(40).jpg]
[stfroebelschool.com/img/gallery/2022-23/image-22-23session(42).jpg]
[stfroebelschool.com/img/gallery/2022-23/image-22-23session(43).jpg]
[stfroebelschool.com/img/gallery/2022-23/image-22-23session(44).jpg]
[stfroebelschool.com/img/gallery/2022-23/image-22-23session(45).jpg]
[stfroebelschool.com/img/gallery/2022-23/image-22-23session(46).jpg]
[stfroebelschool.com/img/gallery/2022-23/image-22-23session(48).jpg]
[stfroebelschool.com/img/gallery/2022-23/image-22-23session(100).jpg]
[stfroebelschool.com/img/gallery/2022-23/image-22-23session(101).jpg]
[stfroebelschool.com/img/gallery/2022-23/image-22-23session(104).jpg]
[stfroebelschool.com/img/gallery/2022-23/image-22-23session(105).jpg]
[stfroebelschool.com/img/gallery/2022-23/image-22-23session(34).jpg]
[stfroebelschool.com/img/gallery/2022-23/1.jpg]
[stfroebelschool.com/img/gallery/2022-23/2.jpg]
[stfroebelschool.com/img/gallery/2022-23/3.jpg]
[stfroebelschool.com/img/gallery/2022-23/4.jpg]
[stfroebelschool.com/img/gallery/2022-23/5.jpg]
[stfroebelschool.com/img/gallery/2022-23/6.jpg]
[stfroebelschool.com/img/gallery/2022-23/7.jpg]
[stfroebelschool.com/img/gallery/2022-23/7R2A8835.jpg]
[stfroebelschool.com/img/gallery/2022-23/8.jpg]
[stfroebelschool.com/img/gallery/2022-23/9.jpg]
[stfroebelschool.com/img/gallery/2022-23/10.jpg]
[stfroebelschool.com/img/gallery/2022-23/11.jpg]
[stfroebelschool.com/img/gallery/2022-23/12.jpg]
[stfroebelschool.com/img/gallery/2022-23/13.jpg]
[stfroebelschool.com/img/gallery/2022-23/14.jpg]
[stfroebelschool.com/img/gallery/2022-23/15.jpg]
[stfroebelschool.com/img/gallery/2022-23/image-22-23session(97).jpg]
[stfroebelschool.com/img/gallery/2022-23/image-22-23session(98).jpg]
[stfroebelschool.com/img/gallery/2022-23/image-22-23session(99).jpg]
[stfroebelschool.com/img/gallery/2022-23/image-22-23session(92).jpg]
[stfroebelschool.com/img/gallery/2022-23/image-22-23session(93).jpg]
[stfroebelschool.com/img/gallery/2022-23/image-22-23session(94).jpg]
[stfroebelschool.com/img/gallery/2022-23/image-22-23session(95).jpg]
[stfroebelschool.com/img/gallery/2022-23/image-22-23session(127).jpg]
[stfroebelschool.com/img/gallery/2022-23/image-22-23session(128).jpg]
[stfroebelschool.com/img/gallery/2022-23/image-22-23session(125).jpg]
[stfroebelschool.com/img/gallery/2022-23/image-22-23session(151).jpg]
[stfroebelschool.com/img/gallery/2022-23/image-22-23session(150).jpg]
[stfroebelschool.com/img/gallery/2022-23/image-22-23session(26).jpg]
[stfroebelschool.com/img/gallery/2022-23/image-22-23session(23).jpg]
[stfroebelschool.com/img/gallery/2022-23/image-22-23session(22).jpg]
[stfroebelschool.com/img/gallery/2022-23/image-22-23session(21).jpg]
[stfroebelschool.com/img/gallery/2022-23/image-22-23session(20).jpg]
[stfroebelschool.com/img/gallery/2022-23/image-22-23session(19).jpg]
[stfroebelschool.com/img/gallery/2022-23/image-22-23session(10).jpg]
[stfroebelschool.com/img/gallery/2022-23/image-22-23session(9).jpg]
[stfroebelschool.com/img/gallery/2022-23/image-22-23session(8).jpg]
[stfroebelschool.com/img/gallery/2022-23/image-22-23session(111).jpg]
[stfroebelschool.com/img/gallery/2022-23/image-22-23session(110).jpg]
[stfroebelschool.com/img/gallery/2022-23/image-22-23session(109).jpg]
[stfroebelschool.com/img/gallery/2022-23/image-22-23session(108).jpg]
[stfroebelschool.com/img/gallery/2022-23/image-22-23session(107).jpg]
[stfroebelschool.com/img/gallery/2022-23/image-22-23session(106).jpg]
[stfroebelschool.com/img/gallery/2022-23/image-22-23session(88).jpg]
[stfroebelschool.com/img/gallery/2022-23/image-22-23session(90).jpg]
[stfroebelschool.com/img/gallery/2022-23/image-22-23session(86).jpg]
[stfroebelschool.com/img/gallery/2022-23/image-22-23session(77).jpg]
[stfroebelschool.com/img/gallery/2022-23/image-22-23session(167).jpg]
[stfroebelschool.com/img/gallery/2022-23/image-22-23session(166).jpg]
[stfroebelschool.com/img/gallery/2022-23/image-22-23session(165).jpg]
[stfroebelschool.com/img/gallery/2022-23/image-22-23session(162).jpg]
[stfroebelschool.com/img/gallery/2022-23/image-22-23session(144).jpg]
[stfroebelschool.com/img/gallery/2022-23/image-22-23session(143).jpg]
[stfroebelschool.com/img/gallery/2022-23/image-22-23session(142).jpg]
[stfroebelschool.com/img/gallery/2022-23/image-22-23session(141).jpg]
[stfroebelschool.com/img/gallery/2022-23/image-22-23session(139).jpg]
[stfroebelschool.com/img/gallery/2022-23/image-22-23session(138).jpg]
[stfroebelschool.com/img/gallery/2022-23/image-22-23session(137).jpg]
[stfroebelschool.com/img/gallery/2022-23/image-22-23session(136).jpg]
[stfroebelschool.com/img/gallery/2022-23/image-22-23session(133).jpg]
[stfroebelschool.com/img/gallery/2022-23/image-22-23session(132).jpg]
[stfroebelschool.com/img/gallery/2022-23/image-22-23session(131).jpg]
[stfroebelschool.com/img/gallery/2022-23/image-22-23session(130).jpg]
[stfroebelschool.com/img/gallery/2022-23/image-22-23session(129).jpg]
[stfroebelschool.com/img/gallery/2022-23/image-22-23session(126).jpg]
[stfroebelschool.com/img/gallery/2022-23/image-22-23session(123).jpg]
[stfroebelschool.com/img/gallery/2022-23/image-22-23session(121).jpg]
[stfroebelschool.com/img/gallery/2022-23/image-22-23session(120).jpg]
[stfroebelschool.com/img/gallery/2020-21/1.jpg]
[stfroebelschool.com/img/gallery/2020-21/2.jpg]
[stfroebelschool.com/img/gallery/2020-21/3.jpg]
[stfroebelschool.com/img/gallery/2020-21/4.jpg]
[stfroebelschool.com/img/gallery/2019-20/adventure-camp/1.jpg]
[stfroebelschool.com/img/gallery/2019-20/adventure-camp/2.jpg]
[stfroebelschool.com/img/gallery/2019-20/adventure-camp/3.jpg]
[stfroebelschool.com/img/gallery/2019-20/adventure-camp/4.jpg]
[stfroebelschool.com/img/gallery/2019-20/basant-panchmi/1.jpg]
[stfroebelschool.com/img/gallery/2019-20/basant-panchmi/2.jpg]
[stfroebelschool.com/img/gallery/2019-20/basant-panchmi/3.jpg]
[stfroebelschool.com/img/gallery/2019-20/basant-panchmi/4.jpg]
[stfroebelschool.com/img/gallery/2019-20/sports-day/1.jpg]
[stfroebelschool.com/img/gallery/2019-20/sports-day/2.jpg]
[stfroebelschool.com/img/gallery/2019-20/sports-day/3.jpg]
[stfroebelschool.com/img/gallery/2019-20/sports-day/4.jpg]
[stfroebelschool.com/img/gallery/2018-19/dusshera/1.jpg]
[stfroebelschool.com/img/gallery/2018-19/dusshera/2.jpg]
[stfroebelschool.com/img/gallery/2018-19/dusshera/3.jpg]
[stfroebelschool.com/img/gallery/2018-19/dusshera/4.jpg]
[stfroebelschool.com/img/gallery/2018-19/farewell/1.jpg]
[stfroebelschool.com/img/gallery/2018-19/farewell/2.jpg]
[stfroebelschool.com/img/gallery/2018-19/farewell/3.jpg]
[stfroebelschool.com/img/gallery/2018-19/farewell/4.jpg]
[stfroebelschool.com/img/gallery/2018-19/gandhi-jayanti/1.jpg]
[stfroebelschool.com/img/gallery/2018-19/gandhi-jayanti/2.jpg]
[stfroebelschool.com/img/gallery/2018-19/gandhi-jayanti/3.jpg]
[stfroebelschool.com/img/gallery/2018-19/gandhi-jayanti/4.jpg]
[stfroebelschool.com/img/gallery/2017-18/WORLD-HEALTH-DAY/1.jpg]
[stfroebelschool.com/img/gallery/2017-18/WORLD-HEALTH-DAY/2.jpg]
[stfroebelschool.com/img/gallery/2017-18/WORLD-HEALTH-DAY/3.jpg]
[stfroebelschool.com/img/gallery/2017-18/BAISAKHI-CELEBRATION/1.jpg]
[stfroebelschool.com/img/gallery/2017-18/BAISAKHI-CELEBRATION/2.jpg]
[stfroebelschool.com/img/gallery/2017-18/BAISAKHI-CELEBRATION/3.jpg]
[stfroebelschool.com/img/gallery/2017-18/INTERNATIONAL-LABOUR-DAY/1.jpg]
[stfroebelschool.com/img/gallery/2017-18/INTERNATIONAL-LABOUR-DAY/2.jpg]
[stfroebelschool.com/img/gallery/2017-18/INTERNATIONAL-LABOUR-DAY/3.jpg]
[stfroebelschool.com/img/gallery/2017-18/INTERNATIONAL-LABOUR-DAY/4.jpg]
[stfroebelschool.com/img/gallery/2017-18/TABLE-MANNERS/1.jpg]
[stfroebelschool.com/img/gallery/2017-18/TABLE-MANNERS/2.jpg]
[stfroebelschool.com/photo-gallery.html]
[stfroebelschool.com/video-gallery.html]
[cdnjs.cloudflare.com/ajax/libs/baguettebox.js/1.8.1/baguetteBox.min.js]
[www.google.com/recaptcha/api.js]
[stfroebelschool.com/img/icons/xenvelope.png.pagespeed.ic.QiidB5aVSg.png]
[stfroebelschool.com/img/icons/xlocation.png.pagespeed.ic.wUTMpKi1wI.png]
[stfroebelschool.com/contact.html]
[stfroebelschool.com/img/dance-comp.html]
[stfroebelschool.com/img/expn.html]
[stfroebelschool.com/img/campus.mp4]
[stfroebelschool.com/img/campus/img1.jpg]
[stfroebelschool.com/img/campus/img2.jpg]
[stfroebelschool.com/img/campus/img3.jpg]
[stfroebelschool.com/img/campus/img4.jpg]
[stfroebelschool.com/img/campus/img5.jpg]
[stfroebelschool.com/img/campus/img6.jpg]
[stfroebelschool.com/img/campus/img7.jpg]
[stfroebelschool.com/img/campus/img8.jpg]
[stfroebelschool.com/img/campus/img9.jpg]
[stfroebelschool.com/img/campus/img10.jpg]
[stfroebelschool.com/img/campus/img11.jpg]
[stfroebelschool.com/img/campus/img12.jpg]
[stfroebelschool.com/campus.html]
[stfroebelschool.com/vtvo/indexdata/thumbnail.jpg]
[stfroebelschool.com/vtvo/indexdata/lib/jquery-2.1.1.min.js]
[stfroebelschool.com/vtvo/indexdata/index.swf]
[stfroebelschool.com/vtvo/index.html]
[stfroebelschool.com/css/animate.css]
[stfroebelschool.com/vtvo/indexdata/index.js]
[stfroebelschool.com/css/owl.carousel.css]
[stfroebelschool.com/fonts/classycb9bcb9b.eot]
[stfroebelschool.com/fonts/classycb9bcb9b.ttf]
[stfroebelschool.com/fonts/classycb9bcb9b.woff]
[stfroebelschool.com/css/classy-nav.min.css]
[stfroebelschool.com/css/magnific-popup.css]
[stfroebelschool.com/fonts/fontawesome-webfont3e6e3e6e.eot]
[stfroebelschool.com/fonts/fontawesome-webfontd41dd41d.eot]
[stfroebelschool.com/fonts/fontawesome-webfont3e6e3e6e.woff2]
[stfroebelschool.com/fonts/fontawesome-webfont3e6e3e6e.woff]
[stfroebelschool.com/fonts/fontawesome-webfont3e6e3e6e.ttf]
[stfroebelschool.com/css/font-awesome.min.css]
[stfroebelschool.com/fonts/themify9f249f24.eot]
[stfroebelschool.com/fonts/themifyd41dd41d.eot]
[stfroebelschool.com/fonts/themify9f249f24.woff]
[stfroebelschool.com/fonts/themify9f249f24.ttf]
[stfroebelschool.com/css/themify-icons.css]
[stfroebelschool.com/css/nice-select.css]
[stfroebelschool.com/css/jquery-ui.min.css]
[maxcdn.bootstrapcdn.com/bootstrap/4.0.0/css/bootstrap.min.css]
[rawgit.com/LeshikJanz/libraries/master/Bootstrap/baguetteBox.min.css]
[stfroebelschool.com/img/gallery/2022-23/image-22-23session(44).html]
[stfroebelschool.com/img/gallery/2017-18/WORLD-HEALTH-DAY/4.html]
[stfroebelschool.com/img/gallery/2017-18/TABLE-MANNERS/3.html]
[stfroebelschool.com/img/gallery/2017-18/TABLE-MANNERS/4.html]
[stfroebelschool.com/vtvo/indexdata/graphics/cursors_move_html5.html]
[stfroebelschool.com/vtvo/indexdata/graphics/cursors_drag_html5.html]
[stfroebelschool.com/css/owl.video.play.html]
[stfroebelschool.com/fonts/classycb9bcb9b.svg]
[stfroebelschool.com/fonts/fontawesome-webfont3e6e3e6e.svg]
[stfroebelschool.com/fonts/themify9f249f24.svg]
[stfroebelschool.com/css/images/ui-icons_444444_256x240.html]
[stfroebelschool.com/css/images/ui-icons_555555_256x240.html]
[stfroebelschool.com/css/images/ui-icons_ffffff_256x240.html]
[www.adobe.com/images/shared/download_buttons/get_flash_player.gif]
